Archive member included to satisfy reference by file (symbol)

d:/nxp/mcuxpressoide_11.9.1_2170/ide/plugins/com.nxp.mcuxpresso.tools.win32_11.9.1.202402080819/tools/bin/../lib/gcc/arm-none-eabi/12.3.1/../../../../arm-none-eabi/lib/thumb/v7e-m+fp/hard\libcr_nohost_nf.a(_cr__main.o)
                              ./startup/startup_mimxrt1052.o (__main)
d:/nxp/mcuxpressoide_11.9.1_2170/ide/plugins/com.nxp.mcuxpresso.tools.win32_11.9.1.202402080819/tools/bin/../lib/gcc/arm-none-eabi/12.3.1/../../../../arm-none-eabi/lib/thumb/v7e-m+fp/hard\libcr_c.a(memcpy.o)
                              ./utilities/fsl_str.o (memcpy)
d:/nxp/mcuxpressoide_11.9.1_2170/ide/plugins/com.nxp.mcuxpresso.tools.win32_11.9.1.202402080819/tools/bin/../lib/gcc/arm-none-eabi/12.3.1/../../../../arm-none-eabi/lib/thumb/v7e-m+fp/hard\libcr_c.a(memset.o)
                              ./utilities/fsl_debug_console.o (memset)
d:/nxp/mcuxpressoide_11.9.1_2170/ide/plugins/com.nxp.mcuxpresso.tools.win32_11.9.1.202402080819/tools/bin/../lib/gcc/arm-none-eabi/12.3.1/../../../../arm-none-eabi/lib/thumb/v7e-m+fp/hard\libcr_c.a(alloc.o)
                              ./drivers/fsl_common.o (malloc)
d:/nxp/mcuxpressoide_11.9.1_2170/ide/plugins/com.nxp.mcuxpresso.tools.win32_11.9.1.202402080819/tools/bin/../lib/gcc/arm-none-eabi/12.3.1/../../../../arm-none-eabi/lib/thumb/v7e-m+fp/hard\libcr_c.a(errno.o)
                              ./utilities/fsl_str.o (errno)
d:/nxp/mcuxpressoide_11.9.1_2170/ide/plugins/com.nxp.mcuxpresso.tools.win32_11.9.1.202402080819/tools/bin/../lib/gcc/arm-none-eabi/12.3.1/../../../../arm-none-eabi/lib/thumb/v7e-m+fp/hard\libcr_c.a(initio.o)
                              d:/nxp/mcuxpressoide_11.9.1_2170/ide/plugins/com.nxp.mcuxpresso.tools.win32_11.9.1.202402080819/tools/bin/../lib/gcc/arm-none-eabi/12.3.1/../../../../arm-none-eabi/lib/thumb/v7e-m+fp/hard\libcr_nohost_nf.a(_cr__main.o) (_initio)
d:/nxp/mcuxpressoide_11.9.1_2170/ide/plugins/com.nxp.mcuxpresso.tools.win32_11.9.1.202402080819/tools/bin/../lib/gcc/arm-none-eabi/12.3.1/../../../../arm-none-eabi/lib/thumb/v7e-m+fp/hard\libcr_c.a(scanf.o)
                              ./utilities/fsl_str.o (strtoul)
d:/nxp/mcuxpressoide_11.9.1_2170/ide/plugins/com.nxp.mcuxpresso.tools.win32_11.9.1.202402080819/tools/bin/../lib/gcc/arm-none-eabi/12.3.1/../../../../arm-none-eabi/lib/thumb/v7e-m+fp/hard\libcr_c.a(setvbuf.o)
                              d:/nxp/mcuxpressoide_11.9.1_2170/ide/plugins/com.nxp.mcuxpresso.tools.win32_11.9.1.202402080819/tools/bin/../lib/gcc/arm-none-eabi/12.3.1/../../../../arm-none-eabi/lib/thumb/v7e-m+fp/hard\libcr_c.a(initio.o) (setvbuf)
d:/nxp/mcuxpressoide_11.9.1_2170/ide/plugins/com.nxp.mcuxpresso.tools.win32_11.9.1.202402080819/tools/bin/../lib/gcc/arm-none-eabi/12.3.1/../../../../arm-none-eabi/lib/thumb/v7e-m+fp/hard\libcr_c.a(strlen.o)
                              ./utilities/fsl_str.o (strlen)
d:/nxp/mcuxpressoide_11.9.1_2170/ide/plugins/com.nxp.mcuxpresso.tools.win32_11.9.1.202402080819/tools/bin/../lib/gcc/arm-none-eabi/12.3.1/../../../../arm-none-eabi/lib/thumb/v7e-m+fp/hard\libcr_c.a(ungetc.o)
                              d:/nxp/mcuxpressoide_11.9.1_2170/ide/plugins/com.nxp.mcuxpresso.tools.win32_11.9.1.202402080819/tools/bin/../lib/gcc/arm-none-eabi/12.3.1/../../../../arm-none-eabi/lib/thumb/v7e-m+fp/hard\libcr_c.a(scanf.o) (ungetc)
d:/nxp/mcuxpressoide_11.9.1_2170/ide/plugins/com.nxp.mcuxpresso.tools.win32_11.9.1.202402080819/tools/bin/../lib/gcc/arm-none-eabi/12.3.1/../../../../arm-none-eabi/lib/thumb/v7e-m+fp/hard\libcr_c.a(__fillbuf.o)
                              d:/nxp/mcuxpressoide_11.9.1_2170/ide/plugins/com.nxp.mcuxpresso.tools.win32_11.9.1.202402080819/tools/bin/../lib/gcc/arm-none-eabi/12.3.1/../../../../arm-none-eabi/lib/thumb/v7e-m+fp/hard\libcr_c.a(scanf.o) (__filbuf)
d:/nxp/mcuxpressoide_11.9.1_2170/ide/plugins/com.nxp.mcuxpresso.tools.win32_11.9.1.202402080819/tools/bin/../lib/gcc/arm-none-eabi/12.3.1/../../../../arm-none-eabi/lib/thumb/v7e-m+fp/hard\libcr_c.a(__init_alloc.o)
                              d:/nxp/mcuxpressoide_11.9.1_2170/ide/plugins/com.nxp.mcuxpresso.tools.win32_11.9.1.202402080819/tools/bin/../lib/gcc/arm-none-eabi/12.3.1/../../../../arm-none-eabi/lib/thumb/v7e-m+fp/hard\libcr_c.a(alloc.o) (__heaps)
d:/nxp/mcuxpressoide_11.9.1_2170/ide/plugins/com.nxp.mcuxpresso.tools.win32_11.9.1.202402080819/tools/bin/../lib/gcc/arm-none-eabi/12.3.1/../../../../arm-none-eabi/lib/thumb/v7e-m+fp/hard\libcr_c.a(_cr_sbrk.o)
                              d:/nxp/mcuxpressoide_11.9.1_2170/ide/plugins/com.nxp.mcuxpresso.tools.win32_11.9.1.202402080819/tools/bin/../lib/gcc/arm-none-eabi/12.3.1/../../../../arm-none-eabi/lib/thumb/v7e-m+fp/hard\libcr_c.a(alloc.o) (_sbrk)
d:/nxp/mcuxpressoide_11.9.1_2170/ide/plugins/com.nxp.mcuxpresso.tools.win32_11.9.1.202402080819/tools/bin/../lib/gcc/arm-none-eabi/12.3.1/../../../../arm-none-eabi/lib/thumb/v7e-m+fp/hard\libcr_c.a(_deferredlazyseek.o)
[...]
Memory Configuration

Name             Origin             Length             Attributes
BOARD_FLASH      0x60000000         0x02000000         xr
SRAM_DTC         0x20000000         0x00020000         xrw
SRAM_ITC         0x00000000         0x00020000         xrw
SRAM_OC          0x20200000         0x00040000         xrw
BOARD_SDRAM      0x80000000         0x02000000         xrw
*default*        0x00000000         0xffffffff

Linker script and memory map

LOAD ./xip/evkbimxrt1050_flexspi_nor_config.o
LOAD ./xip/fire_imxrt1052_sdram_ini_dcd.o
LOAD ./xip/fsl_flexspi_nor_boot.o
LOAD ./utilities/fsl_assert.o
LOAD ./utilities/fsl_debug_console.o
LOAD ./utilities/fsl_str.o
LOAD ./startup/startup_mimxrt1052.o
LOAD ./source/MIMXRT1052_Project.o
LOAD ./source/semihost_hardfault.o
LOAD ./drivers/fsl_clock.o
LOAD ./drivers/fsl_common.o
LOAD ./drivers/fsl_common_arm.o
LOAD ./drivers/fsl_gpio.o
LOAD ./drivers/fsl_lpuart.o
LOAD ./device/system_MIMXRT1052.o
LOAD ./component/uart/fsl_adapter_lpuart.o
LOAD ./component/serial_manager/fsl_component_serial_manager.o
LOAD ./component/serial_manager/fsl_component_serial_port_uart.o
LOAD ./component/lists/fsl_component_generic_list.o
LOAD ./board/board.o
LOAD ./board/clock_config.o
LOAD ./board/dcd.o
LOAD ./board/peripherals.o
LOAD ./board/pin_mux.o
START GROUP
LOAD d:/nxp/mcuxpressoide_11.9.1_2170/ide/plugins/com.nxp.mcuxpresso.tools.win32_11.9.1.202402080819/tools/bin/../lib/gcc/arm-none-eabi/12.3.1/../../../../arm-none-eabi/lib/thumb/v7e-m+fp/hard\libcr_nohost_nf.a
LOAD d:/nxp/mcuxpressoide_11.9.1_2170/ide/plugins/com.nxp.mcuxpresso.tools.win32_11.9.1.202402080819/tools/bin/../lib/gcc/arm-none-eabi/12.3.1/../../../../arm-none-eabi/lib/thumb/v7e-m+fp/hard\libcr_c.a
LOAD d:/nxp/mcuxpressoide_11.9.1_2170/ide/plugins/com.nxp.mcuxpresso.tools.win32_11.9.1.202402080819/tools/bin/../lib/gcc/arm-none-eabi/12.3.1/thumb/v7e-m+fp/hard\libcr_eabihelpers.a
LOAD d:/nxp/mcuxpressoide_11.9.1_2170/ide/plugins/com.nxp.mcuxpresso.tools.win32_11.9.1.202402080819/tools/bin/../lib/gcc/arm-none-eabi/12.3.1/thumb/v7e-m+fp/hard\libgcc.a
END GROUP
                0x60000000                        __base_BOARD_FLASH = 0x60000000
                0x60000000                        __base_Flash = 0x60000000
                0x62000000                        __top_BOARD_FLASH = 0x62000000
                0x62000000                        __top_Flash = 0x62000000
                0x20000000                        __base_SRAM_DTC = 0x20000000
                0x20000000                        __base_RAM = 0x20000000
                0x20020000                        __top_SRAM_DTC = 0x20020000
                0x20020000                        __top_RAM = 0x20020000
                0x00000000                        __base_SRAM_ITC = 0x0
                0x00000000                        __base_RAM2 = 0x0
                0x00020000                        __top_SRAM_ITC = 0x20000
                0x00020000                        __top_RAM2 = 0x20000
                0x20200000                        __base_SRAM_OC = 0x20200000
                0x20200000                        __base_RAM3 = 0x20200000
                0x20240000                        __top_SRAM_OC = 0x20240000
                0x20240000                        __top_RAM3 = 0x20240000
                0x80000000                        __base_BOARD_SDRAM = 0x80000000
                0x80000000                        __base_RAM4 = 0x80000000
                0x82000000                        __top_BOARD_SDRAM = 0x82000000
                0x82000000                        __top_RAM4 = 0x82000000

.boot_hdr       0x60000000     0x2000
 FILL mask 0xff
                0x60000000                        __boot_hdr_start__ = ABSOLUTE (.)
 *(SORT_BY_ALIGNMENT(.boot_hdr.conf))
 .boot_hdr.conf
                0x60000000      0x200 ./xip/evkbimxrt1050_flexspi_nor_config.o
                0x60000000                spiflash_config
                0x00001000                        . = 0x1000
 *fill*         0x60000200      0xe00 ff
 *(SORT_BY_ALIGNMENT(.boot_hdr.ivt))
 .boot_hdr.ivt  0x60001000       0x20 ./xip/fsl_flexspi_nor_boot.o
                0x60001000                image_vector_table
                0x00001020                        . = 0x1020
 *(SORT_BY_ALIGNMENT(.boot_hdr.boot_data))
 .boot_hdr.boot_data
                0x60001020       0x10 ./xip/fsl_flexspi_nor_boot.o
                0x60001020                g_boot_data
                0x00001030                        . = 0x1030
 *(SORT_BY_ALIGNMENT(.boot_hdr.dcd_data))
                0x60001030                        __boot_hdr_end__ = ABSOLUTE (.)
                0x00002000                        . = 0x2000
 *fill*         0x60001030      0xfd0 ff

.text           0x60002000     0x3fa0
 FILL mask 0xff
                0x60002000                        __vectors_start__ = ABSOLUTE (.)
 *(SORT_BY_ALIGNMENT(.isr_vector))
 .isr_vector    0x60002000      0x2a0 ./startup/startup_mimxrt1052.o
                0x60002000                g_pfnVectors
                0x60002000                __Vectors
                0x600022a0                        . = ALIGN (0x4)
                0x600022a0                        __section_table_start = .
                0x600022a0                        __data_section_table = .
                0x600022a0        0x4 LONG 0x60005fa0 LOADADDR (.data)
                0x600022a4        0x4 LONG 0x20000000 ADDR (.data)
                0x600022a8        0x4 LONG 0x4 SIZEOF (.data)
                0x600022ac        0x4 LONG 0x60005fa0 LOADADDR (.data_RAM2)
                0x600022b0        0x4 LONG 0x0 ADDR (.data_RAM2)
                0x600022b4        0x4 LONG 0x0 SIZEOF (.data_RAM2)
                0x600022b8        0x4 LONG 0x60005fa0 LOADADDR (.data_RAM3)
                0x600022bc        0x4 LONG 0x20200000 ADDR (.data_RAM3)
                0x600022c0        0x4 LONG 0x0 SIZEOF (.data_RAM3)
                0x600022c4        0x4 LONG 0x60005fa0 LOADADDR (.data_RAM4)
                0x600022c8        0x4 LONG 0x80000000 ADDR (.data_RAM4)
                0x600022cc        0x4 LONG 0x0 SIZEOF (.data_RAM4)
                0x600022d0                        __data_section_table_end = .
                0x600022d0                        __bss_section_table = .
                0x600022d0        0x4 LONG 0x20000004 ADDR (.bss)
                0x600022d4        0x4 LONG 0x134 SIZEOF (.bss)
                0x600022d8        0x4 LONG 0x0 ADDR (.bss_RAM2)
                0x600022dc        0x4 LONG 0x0 SIZEOF (.bss_RAM2)
                0x600022e0        0x4 LONG 0x20200000 ADDR (.bss_RAM3)
                0x600022e4        0x4 LONG 0x0 SIZEOF (.bss_RAM3)
                0x600022e8        0x4 LONG 0x80000000 ADDR (.bss_RAM4)
                0x600022ec        0x4 LONG 0x0 SIZEOF (.bss_RAM4)
                0x600022f0                        __bss_section_table_end = .
                0x600022f0                        __section_table_end = .
 *(SORT_BY_ALIGNMENT(.after_vectors*))
 .after_vectors.reset
                0x600022f0       0x54 ./startup/startup_mimxrt1052.o
                0x600022f0                ResetISR
 .after_vectors.init_data
                0x60002344       0x1e ./startup/startup_mimxrt1052.o
                0x60002344                data_init
 .after_vectors.init_bss
                0x60002362       0x12 ./startup/startup_mimxrt1052.o
                0x60002362                bss_init
 .after_vectors
                0x60002374       0x14 ./startup/startup_mimxrt1052.o
                0x60002374                NMI_Handler
                0x60002378                MemManage_Handler
                0x6000237a                BusFault_Handler
                0x6000237c                UsageFault_Handler
                0x6000237e                SVC_Handler
                0x60002380                DebugMon_Handler
                0x60002382                PendSV_Handler
                0x60002384                SysTick_Handler
                0x60002386                PIT_DriverIRQHandler
                0x60002386                PMU_EVENT_DriverIRQHandler
                0x60002386                PWM4_FAULT_DriverIRQHandler
                0x60002386                DMA13_DMA29_DriverIRQHandler
                0x60002386                SAI3_RX_DriverIRQHandler
                0x60002386                LPSPI4_DriverIRQHandler
                0x60002386                SEMC_DriverIRQHandler
                0x60002386                SPDIF_DriverIRQHandler
                0x60002386                CCM_2_DriverIRQHandler
                0x60002386                PWM4_3_DriverIRQHandler
                0x60002386                FLEXRAM_DriverIRQHandler
                0x60002386                LCDIF_DriverIRQHandler
                0x60002386                USB_PHY1_DriverIRQHandler
                0x60002386                GPIO3_Combined_0_15_DriverIRQHandler
                0x60002386                DMA7_DMA23_DriverIRQHandler
                0x60002386                BEE_DriverIRQHandler
                0x60002386                LPI2C3_DriverIRQHandler
                0x60002386                GPR_IRQ_DriverIRQHandler
                0x60002386                PWM2_FAULT_DriverIRQHandler
                0x60002386                PWM3_1_DriverIRQHandler
                0x60002386                DMA14_DMA30_DriverIRQHandler
                0x60002386                TMR1_DriverIRQHandler
                0x60002386                TRNG_DriverIRQHandler
                0x60002386                PWM3_2_DriverIRQHandler
                0x60002386                ENET_1588_Timer_DriverIRQHandler
                0x60002386                FLEXIO2_DriverIRQHandler
                0x60002386                GPIO2_Combined_16_31_DriverIRQHandler
                0x60002386                Reserved143_DriverIRQHandler
                0x60002386                LPSPI2_DriverIRQHandler
                0x60002386                PWM4_1_DriverIRQHandler
                0x60002386                PWM3_3_DriverIRQHandler
                0x60002386                DMA0_DMA16_DriverIRQHandler
                0x60002386                IntDefaultHandler
                0x60002386                DMA2_DMA18_DriverIRQHandler
                0x60002386                SRC_DriverIRQHandler
                0x60002386                GPIO1_INT4_DriverIRQHandler
                0x60002386                Reserved144_DriverIRQHandler
                0x60002386                USDHC1_DriverIRQHandler
                0x60002386                ENC3_DriverIRQHandler
                0x60002386                PWM3_FAULT_DriverIRQHandler
                0x60002386                EWM_DriverIRQHandler
                0x60002386                TSC_DIG_DriverIRQHandler
                0x60002386                KPP_DriverIRQHandler
                0x60002386                FLEXIO1_DriverIRQHandler
                0x60002386                ENET_DriverIRQHandler
                0x60002386                Reserved78_DriverIRQHandler
                0x60002386                TMR4_DriverIRQHandler
                0x60002386                ENC2_DriverIRQHandler
                0x60002386                ADC_ETC_IRQ2_DriverIRQHandler
                0x60002386                GPIO1_Combined_16_31_DriverIRQHandler
                0x60002386                GPIO1_INT7_DriverIRQHandler
                0x60002386                SAI1_DriverIRQHandler
                0x60002386                DCDC_DriverIRQHandler
                0x60002386                DMA12_DMA28_DriverIRQHandler
                0x60002386                PWM4_0_DriverIRQHandler
                0x60002386                ADC_ETC_ERROR_IRQ_DriverIRQHandler
                0x60002386                ACMP2_DriverIRQHandler
                0x60002386                GPIO5_Combined_0_15_DriverIRQHandler
                0x60002386                GPIO1_INT0_DriverIRQHandler
                0x60002386                GPIO1_INT2_DriverIRQHandler
                0x60002386                RTWDOG_DriverIRQHandler
                0x60002386                FLEXSPI_DriverIRQHandler
                0x60002386                GPT2_DriverIRQHandler
                0x60002386                USB_PHY2_DriverIRQHandler
                0x60002386                DMA10_DMA26_DriverIRQHandler
                0x60002386                PWM2_1_DriverIRQHandler
                0x60002386                PWM1_1_DriverIRQHandler
                0x60002386                PXP_DriverIRQHandler
                0x60002386                ADC1_DriverIRQHandler
                0x60002386                PWM1_0_DriverIRQHandler
                0x60002386                SJC_DriverIRQHandler
                0x60002386                DMA1_DMA17_DriverIRQHandler
                0x60002386                ENC1_DriverIRQHandler
                0x60002386                ENC4_DriverIRQHandler
                0x60002386                CAN2_DriverIRQHandler
                0x60002386                DCP_DriverIRQHandler
                0x60002386                CTI0_ERROR_DriverIRQHandler
                0x60002386                DMA8_DMA24_DriverIRQHandler
                0x60002386                GPT1_DriverIRQHandler
                0x60002386                ACMP3_DriverIRQHandler
                0x60002386                DMA6_DMA22_DriverIRQHandler
                0x60002386                CSU_DriverIRQHandler
                0x60002386                GPIO1_INT5_DriverIRQHandler
                0x60002386                TMR3_DriverIRQHandler
                0x60002386                TMR2_DriverIRQHandler
                0x60002386                CTI1_ERROR_DriverIRQHandler
                0x60002386                GPIO1_Combined_0_15_DriverIRQHandler
                0x60002386                USDHC2_DriverIRQHandler
                0x60002386                PWM4_2_DriverIRQHandler
                0x60002386                Reserved87_DriverIRQHandler
                0x60002386                SAI2_DriverIRQHandler
                0x60002386                CORE_DriverIRQHandler
                0x60002386                WDOG1_DriverIRQHandler
                0x60002386                DMA11_DMA27_DriverIRQHandler
                0x60002386                CSI_DriverIRQHandler
                0x60002386                PWM2_3_DriverIRQHandler
                0x60002386                XBAR1_IRQ_2_3_DriverIRQHandler
                0x60002386                SNVS_HP_WRAPPER_TZ_DriverIRQHandler
                0x60002386                GPIO3_Combined_16_31_DriverIRQHandler
                0x60002386                PWM1_FAULT_DriverIRQHandler
                0x60002386                LPI2C1_DriverIRQHandler
                0x60002386                PWM2_2_DriverIRQHandler
                0x60002386                DMA4_DMA20_DriverIRQHandler
                0x60002386                DMA9_DMA25_DriverIRQHandler
                0x60002386                SNVS_HP_WRAPPER_DriverIRQHandler
                0x60002386                XBAR1_IRQ_0_1_DriverIRQHandler
                0x60002386                ADC_ETC_IRQ1_DriverIRQHandler
                0x60002386                LPSPI1_DriverIRQHandler
                0x60002386                DMA3_DMA19_DriverIRQHandler
                0x60002386                GPIO1_INT3_DriverIRQHandler
                0x60002386                DCP_VMI_DriverIRQHandler
                0x60002386                LPI2C4_DriverIRQHandler
                0x60002386                GPC_DriverIRQHandler
                0x60002386                Reserved123_DriverIRQHandler
                0x60002386                GPIO2_Combined_0_15_DriverIRQHandler
                0x60002386                PWM1_2_DriverIRQHandler
                0x60002386                USB_OTG1_DriverIRQHandler
                0x60002386                TEMP_LOW_HIGH_DriverIRQHandler
                0x60002386                SAI3_TX_DriverIRQHandler
                0x60002386                WDOG2_DriverIRQHandler
                0x60002386                Reserved68_DriverIRQHandler
                0x60002386                PWM3_0_DriverIRQHandler
                0x60002386                GPIO4_Combined_0_15_DriverIRQHandler
                0x60002386                GPIO4_Combined_16_31_DriverIRQHandler
                0x60002386                GPIO5_Combined_16_31_DriverIRQHandler
                0x60002386                DMA5_DMA21_DriverIRQHandler
                0x60002386                CCM_1_DriverIRQHandler
                0x60002386                ADC2_DriverIRQHandler
                0x60002386                Reserved115_DriverIRQHandler
                0x60002386                TEMP_PANIC_DriverIRQHandler
                0x60002386                ACMP4_DriverIRQHandler
                0x60002386                DMA15_DMA31_DriverIRQHandler
                0x60002386                LPSPI3_DriverIRQHandler
                0x60002386                PWM1_3_DriverIRQHandler
                0x60002386                ACMP1_DriverIRQHandler
                0x60002386                LPI2C2_DriverIRQHandler
                0x60002386                Reserved86_DriverIRQHandler
                0x60002386                DMA_ERROR_DriverIRQHandler
                0x60002386                ADC_ETC_IRQ0_DriverIRQHandler
                0x60002386                CAN1_DriverIRQHandler
                0x60002386                GPIO1_INT6_DriverIRQHandler
                0x60002386                GPIO1_INT1_DriverIRQHandler
                0x60002386                PWM2_0_DriverIRQHandler
                0x60002386                SNVS_LP_WRAPPER_DriverIRQHandler
                0x60002386                USB_OTG2_DriverIRQHandler
 *(SORT_BY_ALIGNMENT(.text*))
 .text.__assertion_failed
                0x60002388       0x2c ./utilities/fsl_assert.o
                0x60002388                __assertion_failed
 .text.DbgConsole_SendDataReliable
                0x600023b4       0x54 ./utilities/fsl_debug_console.o
                0x600023b4                DbgConsole_SendDataReliable
 .text.DbgConsole_Init
                0x60002408      0x138 ./utilities/fsl_debug_console.o
                0x60002408                DbgConsole_Init
 .text.DbgConsole_Vprintf
                0x60002540       0x6c ./utilities/fsl_debug_console.o
                0x60002540                DbgConsole_Vprintf
 .text.main     0x600025ac       0x34 ./source/MIMXRT1052_Project.o
                0x600025ac                main
 .text.CLOCK_GetOscFreq
                0x600025e0       0x30 ./drivers/fsl_clock.o
 .text.CLOCK_InitExternalClk
                0x60002610       0x6c ./drivers/fsl_clock.o
                0x60002610                CLOCK_InitExternalClk
 .text.CLOCK_SwitchOsc
                0x6000267c       0x34 ./drivers/fsl_clock.o
                0x6000267c                CLOCK_SwitchOsc
 .text.CLOCK_InitRcOsc24M
                0x600026b0       0x24 ./drivers/fsl_clock.o
                0x600026b0                CLOCK_InitRcOsc24M
 .text.CLOCK_InitArmPll
                0x600026d4       0x68 ./drivers/fsl_clock.o
                0x600026d4                CLOCK_InitArmPll
 .text.CLOCK_InitSysPll
                0x6000273c       0x9c ./drivers/fsl_clock.o
                0x6000273c                CLOCK_InitSysPll
 .text.CLOCK_DeinitUsb2Pll
                0x600027d8       0x18 ./drivers/fsl_clock.o
                0x600027d8                CLOCK_DeinitUsb2Pll
 .text.CLOCK_DeinitAudioPll
                0x600027f0       0x1c ./drivers/fsl_clock.o
                0x600027f0                CLOCK_DeinitAudioPll
 .text.CLOCK_DeinitEnetPll
                0x6000280c       0x1c ./drivers/fsl_clock.o
                0x6000280c                CLOCK_DeinitEnetPll
 .text.CLOCK_GetPllFreq
                0x60002828      0x404 ./drivers/fsl_clock.o
                0x60002828                CLOCK_GetPllFreq
 .text.CLOCK_InitSysPfd
                0x60002c2c       0x64 ./drivers/fsl_clock.o
                0x60002c2c                CLOCK_InitSysPfd
 .text.CLOCK_ControlGate
                0x60002c90       0x60 ./drivers/fsl_lpuart.o
 .text.LPUART_GetInstance
                0x60002cf0       0x4c ./drivers/fsl_lpuart.o
                0x60002cf0                LPUART_GetInstance
 .text.LPUART_Init
                0x60002d3c      0x30c ./drivers/fsl_lpuart.o
                0x60002d3c                LPUART_Init
 .text.LPUART_GetDefaultConfig
                0x60003048       0x88 ./drivers/fsl_lpuart.o
                0x60003048                LPUART_GetDefaultConfig
 .text.LPUART_WriteBlocking
                0x600030d0       0x68 ./drivers/fsl_lpuart.o
                0x600030d0                LPUART_WriteBlocking
 .text.LPUART1_DriverIRQHandler
                0x60003138       0x28 ./drivers/fsl_lpuart.o
                0x60003138                LPUART1_DriverIRQHandler
 .text.LPUART2_DriverIRQHandler
                0x60003160       0x28 ./drivers/fsl_lpuart.o
                0x60003160                LPUART2_DriverIRQHandler
 .text.LPUART3_DriverIRQHandler
                0x60003188       0x28 ./drivers/fsl_lpuart.o
                0x60003188                LPUART3_DriverIRQHandler
 .text.LPUART4_DriverIRQHandler
                0x600031b0       0x28 ./drivers/fsl_lpuart.o
                0x600031b0                LPUART4_DriverIRQHandler
 .text.LPUART5_DriverIRQHandler
                0x600031d8       0x28 ./drivers/fsl_lpuart.o
                0x600031d8                LPUART5_DriverIRQHandler
 .text.LPUART6_DriverIRQHandler
                0x60003200       0x28 ./drivers/fsl_lpuart.o
                0x60003200                LPUART6_DriverIRQHandler
 .text.LPUART7_DriverIRQHandler
                0x60003228       0x28 ./drivers/fsl_lpuart.o
                0x60003228                LPUART7_DriverIRQHandler
 .text.LPUART8_DriverIRQHandler
                0x60003250       0x28 ./drivers/fsl_lpuart.o
                0x60003250                LPUART8_DriverIRQHandler
 .text.SystemInit
                0x60003278      0x144 ./device/system_MIMXRT1052.o
                0x60003278                SystemInit
 .text.HAL_UartInitCommon
                0x600033bc       0xe0 ./component/uart/fsl_adapter_lpuart.o
 .text.HAL_UartInit
                0x6000349c       0x84 ./component/uart/fsl_adapter_lpuart.o
                0x6000349c                HAL_UartInit
 .text.HAL_UartSendBlocking
                0x60003520       0x64 ./component/uart/fsl_adapter_lpuart.o
                0x60003520                HAL_UartSendBlocking
 .text.CLOCK_GetMux
                0x60003584       0x44 ./board/board.o
 .text.CLOCK_GetDiv
                0x600035c8       0x44 ./board/board.o
 .text.CLOCK_GetOscFreq
                0x6000360c       0x30 ./board/board.o
 .text.BOARD_DebugConsoleSrcFreq
                0x6000363c       0x64 ./board/board.o
                0x6000363c                BOARD_DebugConsoleSrcFreq
 .text.CLOCK_SetMux
                0x600036a0       0x9c ./board/clock_config.o
 .text.CLOCK_SetDiv
                0x6000373c       0x9c ./board/clock_config.o
 .text.CLOCK_ControlGate
                0x600037d8       0x60 ./board/clock_config.o
 .text.CLOCK_SetXtalFreq
                0x60003838       0x20 ./board/clock_config.o
 .text.CLOCK_SetRtcXtalFreq
                0x60003858       0x20 ./board/clock_config.o
 .text.IOMUXC_MQSConfig
                0x60003878       0x44 ./board/clock_config.o
 .text.BOARD_BootClockRUN
                0x600038bc      0x674 ./board/clock_config.o
                0x600038bc                BOARD_BootClockRUN
 .text.CLOCK_ControlGate
                0x60003f30       0x60 ./board/pin_mux.o
 .text.BOARD_InitDEBUG_UARTPins
                0x60003f90       0x78 ./board/pin_mux.o
                0x60003f90                BOARD_InitDEBUG_UARTPins
 .text._initio  0x60004008       0x78 d:/nxp/mcuxpressoide_11.9.1_2170/ide/plugins/com.nxp.mcuxpresso.tools.win32_11.9.1.202402080819/tools/bin/../lib/gcc/arm-none-eabi/12.3.1/../../../../arm-none-eabi/lib/thumb/v7e-m+fp/hard\libcr_c.a(initio.o)
                0x60004008                _initio
 .text._Cwritebuf
                0x60004080       0x6c d:/nxp/mcuxpressoide_11.9.1_2170/ide/plugins/com.nxp.mcuxpresso.tools.win32_11.9.1.202402080819/tools/bin/../lib/gcc/arm-none-eabi/12.3.1/../../../../arm-none-eabi/lib/thumb/v7e-m+fp/hard\libcr_c.a(_writebuf.o)
                0x60004080                _Cwritebuf
 .text.fflush   0x600040ec       0x3c d:/nxp/mcuxpressoide_11.9.1_2170/ide/plugins/com.nxp.mcuxpresso.tools.win32_11.9.1.202402080819/tools/bin/../lib/gcc/arm-none-eabi/12.3.1/../../../../arm-none-eabi/lib/thumb/v7e-m+fp/hard\libcr_c.a(fflush.o)
                0x600040ec                fflush
 .text.fseek    0x60004128       0xf8 d:/nxp/mcuxpressoide_11.9.1_2170/ide/plugins/com.nxp.mcuxpresso.tools.win32_11.9.1.202402080819/tools/bin/../lib/gcc/arm-none-eabi/12.3.1/../../../../arm-none-eabi/lib/thumb/v7e-m+fp/hard\libcr_c.a(fseek.o)
                0x60004128                fseek
 .text.ftell    0x60004220       0x44 d:/nxp/mcuxpressoide_11.9.1_2170/ide/plugins/com.nxp.mcuxpresso.tools.win32_11.9.1.202402080819/tools/bin/../lib/gcc/arm-none-eabi/12.3.1/../../../../arm-none-eabi/lib/thumb/v7e-m+fp/hard\libcr_c.a(ftell.o)
                0x60004220                ftell
 .text.fsl_assert_hook
                0x60004264       0x1a ./utilities/fsl_assert.o
                0x60004264                fsl_assert_hook
 .text.DbgConsole_PrintCallback
                0x6000427e       0x66 ./utilities/fsl_debug_console.o
 .text.DbgConsole_Printf
                0x600042e4       0x2c ./utilities/fsl_debug_console.o
                0x600042e4                DbgConsole_Printf
 .text.PrintGetWidth
                0x60004310       0x6a ./utilities/fsl_str.o
 .text.PrintGetPrecision
                0x6000437a       0x8c ./utilities/fsl_str.o
 .text.PrintIsobpu
                0x60004406       0x38 ./utilities/fsl_str.o
 .text.PrintIsdi
                0x6000443e       0x2c ./utilities/fsl_str.o
 .text.PrintOutputdifFobpu
                0x6000446a       0x44 ./utilities/fsl_str.o
 .text.PrintOutputxX
                0x600044ae       0x44 ./utilities/fsl_str.o
 .text.PrintIsfF
                0x600044f2       0x2c ./utilities/fsl_str.o
 .text.PrintIsxX
                0x6000451e       0x2c ./utilities/fsl_str.o
 .text.PrintFilterLengthFlag
                0x6000454a       0x3e ./utilities/fsl_str.o
 .text.PrintGetRadixFromobpu
                0x60004588       0x40 ./utilities/fsl_str.o
 .text.ConvertRadixNumToString
                0x600045c8       0xc2 ./utilities/fsl_str.o
 .text.StrFormatExaminedi
                0x6000468a       0x26 ./utilities/fsl_str.o
 .text.StrFormatExaminexX
                0x600046b0       0x26 ./utilities/fsl_str.o
 .text.StrFormatExamineobpu
                0x600046d6       0x26 ./utilities/fsl_str.o
 .text.ConvertPrecisionWidthToLength
                0x600046fc       0x20 ./utilities/fsl_str.o
 .text.StrFormatPrintf
                0x6000471c      0x2bc ./utilities/fsl_str.o
                0x6000471c                StrFormatPrintf
 .text.DMA0_DMA16_IRQHandler
                0x600049d8        0x8 ./startup/startup_mimxrt1052.o
                0x600049d8                DMA0_DMA16_IRQHandler
 .text.DMA1_DMA17_IRQHandler
                0x600049e0        0x8 ./startup/startup_mimxrt1052.o
                0x600049e0                DMA1_DMA17_IRQHandler
 .text.DMA2_DMA18_IRQHandler
                0x600049e8        0x8 ./startup/startup_mimxrt1052.o
                0x600049e8                DMA2_DMA18_IRQHandler
 .text.DMA3_DMA19_IRQHandler
                0x600049f0        0x8 ./startup/startup_mimxrt1052.o
                0x600049f0                DMA3_DMA19_IRQHandler
 .text.DMA4_DMA20_IRQHandler
                0x600049f8        0x8 ./startup/startup_mimxrt1052.o
                0x600049f8                DMA4_DMA20_IRQHandler
 .text.DMA5_DMA21_IRQHandler
                0x60004a00        0x8 ./startup/startup_mimxrt1052.o
                0x60004a00                DMA5_DMA21_IRQHandler
 .text.DMA6_DMA22_IRQHandler
                0x60004a08        0x8 ./startup/startup_mimxrt1052.o
                0x60004a08                DMA6_DMA22_IRQHandler
 .text.DMA7_DMA23_IRQHandler
                0x60004a10        0x8 ./startup/startup_mimxrt1052.o
                0x60004a10                DMA7_DMA23_IRQHandler
 .text.DMA8_DMA24_IRQHandler
                0x60004a18        0x8 ./startup/startup_mimxrt1052.o
                0x60004a18                DMA8_DMA24_IRQHandler
 .text.DMA9_DMA25_IRQHandler
                0x60004a20        0x8 ./startup/startup_mimxrt1052.o
                0x60004a20                DMA9_DMA25_IRQHandler
 .text.DMA10_DMA26_IRQHandler
                0x60004a28        0x8 ./startup/startup_mimxrt1052.o
                0x60004a28                DMA10_DMA26_IRQHandler
 .text.DMA11_DMA27_IRQHandler
                0x60004a30        0x8 ./startup/startup_mimxrt1052.o
                0x60004a30                DMA11_DMA27_IRQHandler
 .text.DMA12_DMA28_IRQHandler
                0x60004a38        0x8 ./startup/startup_mimxrt1052.o
                0x60004a38                DMA12_DMA28_IRQHandler
 .text.DMA13_DMA29_IRQHandler
                0x60004a40        0x8 ./startup/startup_mimxrt1052.o
                0x60004a40                DMA13_DMA29_IRQHandler
 .text.DMA14_DMA30_IRQHandler
                0x60004a48        0x8 ./startup/startup_mimxrt1052.o
                0x60004a48                DMA14_DMA30_IRQHandler
 .text.DMA15_DMA31_IRQHandler
                0x60004a50        0x8 ./startup/startup_mimxrt1052.o
                0x60004a50                DMA15_DMA31_IRQHandler
 .text.DMA_ERROR_IRQHandler
                0x60004a58        0x8 ./startup/startup_mimxrt1052.o
                0x60004a58                DMA_ERROR_IRQHandler
 .text.CTI0_ERROR_IRQHandler
                0x60004a60        0x8 ./startup/startup_mimxrt1052.o
                0x60004a60                CTI0_ERROR_IRQHandler
 .text.CTI1_ERROR_IRQHandler
                0x60004a68        0x8 ./startup/startup_mimxrt1052.o
                0x60004a68                CTI1_ERROR_IRQHandler
 .text.CORE_IRQHandler
                0x60004a70        0x8 ./startup/startup_mimxrt1052.o
                0x60004a70                CORE_IRQHandler
 .text.LPUART1_IRQHandler
                0x60004a78        0x8 ./startup/startup_mimxrt1052.o
                0x60004a78                LPUART1_IRQHandler
 .text.LPUART2_IRQHandler
                0x60004a80        0x8 ./startup/startup_mimxrt1052.o
                0x60004a80                LPUART2_IRQHandler
 .text.LPUART3_IRQHandler
                0x60004a88        0x8 ./startup/startup_mimxrt1052.o
                0x60004a88                LPUART3_IRQHandler
 .text.LPUART4_IRQHandler
                0x60004a90        0x8 ./startup/startup_mimxrt1052.o
                0x60004a90                LPUART4_IRQHandler
 .text.LPUART5_IRQHandler
                0x60004a98        0x8 ./startup/startup_mimxrt1052.o
                0x60004a98                LPUART5_IRQHandler
 .text.LPUART6_IRQHandler
                0x60004aa0        0x8 ./startup/startup_mimxrt1052.o
                0x60004aa0                LPUART6_IRQHandler
 .text.LPUART7_IRQHandler
                0x60004aa8        0x8 ./startup/startup_mimxrt1052.o
                0x60004aa8                LPUART7_IRQHandler
 .text.LPUART8_IRQHandler
                0x60004ab0        0x8 ./startup/startup_mimxrt1052.o
                0x60004ab0                LPUART8_IRQHandler
 .text.LPI2C1_IRQHandler
                0x60004ab8        0x8 ./startup/startup_mimxrt1052.o
                0x60004ab8                LPI2C1_IRQHandler
 .text.LPI2C2_IRQHandler
                0x60004ac0        0x8 ./startup/startup_mimxrt1052.o
                0x60004ac0                LPI2C2_IRQHandler
 .text.LPI2C3_IRQHandler
                0x60004ac8        0x8 ./startup/startup_mimxrt1052.o
                0x60004ac8                LPI2C3_IRQHandler
 .text.LPI2C4_IRQHandler
                0x60004ad0        0x8 ./startup/startup_mimxrt1052.o
                0x60004ad0                LPI2C4_IRQHandler
 .text.LPSPI1_IRQHandler
                0x60004ad8        0x8 ./startup/startup_mimxrt1052.o
                0x60004ad8                LPSPI1_IRQHandler
 .text.LPSPI2_IRQHandler
                0x60004ae0        0x8 ./startup/startup_mimxrt1052.o
                0x60004ae0                LPSPI2_IRQHandler
 .text.LPSPI3_IRQHandler
                0x60004ae8        0x8 ./startup/startup_mimxrt1052.o
                0x60004ae8                LPSPI3_IRQHandler
 .text.LPSPI4_IRQHandler
                0x60004af0        0x8 ./startup/startup_mimxrt1052.o
                0x60004af0                LPSPI4_IRQHandler
 .text.CAN1_IRQHandler
                0x60004af8        0x8 ./startup/startup_mimxrt1052.o
                0x60004af8                CAN1_IRQHandler
 .text.CAN2_IRQHandler
                0x60004b00        0x8 ./startup/startup_mimxrt1052.o
                0x60004b00                CAN2_IRQHandler
 .text.FLEXRAM_IRQHandler
                0x60004b08        0x8 ./startup/startup_mimxrt1052.o
                0x60004b08                FLEXRAM_IRQHandler
 .text.KPP_IRQHandler
                0x60004b10        0x8 ./startup/startup_mimxrt1052.o
                0x60004b10                KPP_IRQHandler
 .text.TSC_DIG_IRQHandler
                0x60004b18        0x8 ./startup/startup_mimxrt1052.o
                0x60004b18                TSC_DIG_IRQHandler
 .text.GPR_IRQ_IRQHandler
                0x60004b20        0x8 ./startup/startup_mimxrt1052.o
                0x60004b20                GPR_IRQ_IRQHandler
 .text.LCDIF_IRQHandler
                0x60004b28        0x8 ./startup/startup_mimxrt1052.o
                0x60004b28                LCDIF_IRQHandler
 .text.CSI_IRQHandler
                0x60004b30        0x8 ./startup/startup_mimxrt1052.o
                0x60004b30                CSI_IRQHandler
 .text.PXP_IRQHandler
                0x60004b38        0x8 ./startup/startup_mimxrt1052.o
                0x60004b38                PXP_IRQHandler
 .text.WDOG2_IRQHandler
                0x60004b40        0x8 ./startup/startup_mimxrt1052.o
                0x60004b40                WDOG2_IRQHandler
 .text.SNVS_HP_WRAPPER_IRQHandler
                0x60004b48        0x8 ./startup/startup_mimxrt1052.o
                0x60004b48                SNVS_HP_WRAPPER_IRQHandler
 .text.SNVS_HP_WRAPPER_TZ_IRQHandler
                0x60004b50        0x8 ./startup/startup_mimxrt1052.o
                0x60004b50                SNVS_HP_WRAPPER_TZ_IRQHandler
 .text.SNVS_LP_WRAPPER_IRQHandler
                0x60004b58        0x8 ./startup/startup_mimxrt1052.o
                0x60004b58                SNVS_LP_WRAPPER_IRQHandler
 .text.CSU_IRQHandler
                0x60004b60        0x8 ./startup/startup_mimxrt1052.o
                0x60004b60                CSU_IRQHandler
 .text.DCP_IRQHandler
                0x60004b68        0x8 ./startup/startup_mimxrt1052.o
                0x60004b68                DCP_IRQHandler
 .text.DCP_VMI_IRQHandler
                0x60004b70        0x8 ./startup/startup_mimxrt1052.o
                0x60004b70                DCP_VMI_IRQHandler
 .text.Reserved68_IRQHandler
                0x60004b78        0x8 ./startup/startup_mimxrt1052.o
                0x60004b78                Reserved68_IRQHandler
 .text.TRNG_IRQHandler
                0x60004b80        0x8 ./startup/startup_mimxrt1052.o
                0x60004b80                TRNG_IRQHandler
 .text.SJC_IRQHandler
                0x60004b88        0x8 ./startup/startup_mimxrt1052.o
                0x60004b88                SJC_IRQHandler
 .text.BEE_IRQHandler
                0x60004b90        0x8 ./startup/startup_mimxrt1052.o
                0x60004b90                BEE_IRQHandler
 .text.SAI1_IRQHandler
                0x60004b98        0x8 ./startup/startup_mimxrt1052.o
                0x60004b98                SAI1_IRQHandler
 .text.SAI2_IRQHandler
                0x60004ba0        0x8 ./startup/startup_mimxrt1052.o
                0x60004ba0                SAI2_IRQHandler
 .text.SAI3_RX_IRQHandler
                0x60004ba8        0x8 ./startup/startup_mimxrt1052.o
                0x60004ba8                SAI3_RX_IRQHandler
 .text.SAI3_TX_IRQHandler
                0x60004bb0        0x8 ./startup/startup_mimxrt1052.o
                0x60004bb0                SAI3_TX_IRQHandler
 .text.SPDIF_IRQHandler
                0x60004bb8        0x8 ./startup/startup_mimxrt1052.o
                0x60004bb8                SPDIF_IRQHandler
 .text.PMU_EVENT_IRQHandler
                0x60004bc0        0x8 ./startup/startup_mimxrt1052.o
                0x60004bc0                PMU_EVENT_IRQHandler
 .text.Reserved78_IRQHandler
                0x60004bc8        0x8 ./startup/startup_mimxrt1052.o
                0x60004bc8                Reserved78_IRQHandler
 .text.TEMP_LOW_HIGH_IRQHandler
                0x60004bd0        0x8 ./startup/startup_mimxrt1052.o
                0x60004bd0                TEMP_LOW_HIGH_IRQHandler
 .text.TEMP_PANIC_IRQHandler
                0x60004bd8        0x8 ./startup/startup_mimxrt1052.o
                0x60004bd8                TEMP_PANIC_IRQHandler
 .text.USB_PHY1_IRQHandler
                0x60004be0        0x8 ./startup/startup_mimxrt1052.o
                0x60004be0                USB_PHY1_IRQHandler
 .text.USB_PHY2_IRQHandler
                0x60004be8        0x8 ./startup/startup_mimxrt1052.o
                0x60004be8                USB_PHY2_IRQHandler
 .text.ADC1_IRQHandler
                0x60004bf0        0x8 ./startup/startup_mimxrt1052.o
                0x60004bf0                ADC1_IRQHandler
 .text.ADC2_IRQHandler
                0x60004bf8        0x8 ./startup/startup_mimxrt1052.o
                0x60004bf8                ADC2_IRQHandler
 .text.DCDC_IRQHandler
                0x60004c00        0x8 ./startup/startup_mimxrt1052.o
                0x60004c00                DCDC_IRQHandler
 .text.Reserved86_IRQHandler
                0x60004c08        0x8 ./startup/startup_mimxrt1052.o
                0x60004c08                Reserved86_IRQHandler
 .text.Reserved87_IRQHandler
                0x60004c10        0x8 ./startup/startup_mimxrt1052.o
                0x60004c10                Reserved87_IRQHandler
 .text.GPIO1_INT0_IRQHandler
                0x60004c18        0x8 ./startup/startup_mimxrt1052.o
                0x60004c18                GPIO1_INT0_IRQHandler
 .text.GPIO1_INT1_IRQHandler
                0x60004c20        0x8 ./startup/startup_mimxrt1052.o
                0x60004c20                GPIO1_INT1_IRQHandler
 .text.GPIO1_INT2_IRQHandler
                0x60004c28        0x8 ./startup/startup_mimxrt1052.o
                0x60004c28                GPIO1_INT2_IRQHandler
 .text.GPIO1_INT3_IRQHandler
                0x60004c30        0x8 ./startup/startup_mimxrt1052.o
                0x60004c30                GPIO1_INT3_IRQHandler
 .text.GPIO1_INT4_IRQHandler
                0x60004c38        0x8 ./startup/startup_mimxrt1052.o
                0x60004c38                GPIO1_INT4_IRQHandler
 .text.GPIO1_INT5_IRQHandler
                0x60004c40        0x8 ./startup/startup_mimxrt1052.o
                0x60004c40                GPIO1_INT5_IRQHandler
 .text.GPIO1_INT6_IRQHandler
                0x60004c48        0x8 ./startup/startup_mimxrt1052.o
                0x60004c48                GPIO1_INT6_IRQHandler
 .text.GPIO1_INT7_IRQHandler
                0x60004c50        0x8 ./startup/startup_mimxrt1052.o
                0x60004c50                GPIO1_INT7_IRQHandler
 .text.GPIO1_Combined_0_15_IRQHandler
                0x60004c58        0x8 ./startup/startup_mimxrt1052.o
                0x60004c58                GPIO1_Combined_0_15_IRQHandler
 .text.GPIO1_Combined_16_31_IRQHandler
                0x60004c60        0x8 ./startup/startup_mimxrt1052.o
                0x60004c60                GPIO1_Combined_16_31_IRQHandler
 .text.GPIO2_Combined_0_15_IRQHandler
                0x60004c68        0x8 ./startup/startup_mimxrt1052.o
                0x60004c68                GPIO2_Combined_0_15_IRQHandler
 .text.GPIO2_Combined_16_31_IRQHandler
                0x60004c70        0x8 ./startup/startup_mimxrt1052.o
                0x60004c70                GPIO2_Combined_16_31_IRQHandler
 .text.GPIO3_Combined_0_15_IRQHandler
                0x60004c78        0x8 ./startup/startup_mimxrt1052.o
                0x60004c78                GPIO3_Combined_0_15_IRQHandler
 .text.GPIO3_Combined_16_31_IRQHandler
                0x60004c80        0x8 ./startup/startup_mimxrt1052.o
                0x60004c80                GPIO3_Combined_16_31_IRQHandler
 .text.GPIO4_Combined_0_15_IRQHandler
                0x60004c88        0x8 ./startup/startup_mimxrt1052.o
                0x60004c88                GPIO4_Combined_0_15_IRQHandler
 .text.GPIO4_Combined_16_31_IRQHandler
                0x60004c90        0x8 ./startup/startup_mimxrt1052.o
                0x60004c90                GPIO4_Combined_16_31_IRQHandler
 .text.GPIO5_Combined_0_15_IRQHandler
                0x60004c98        0x8 ./startup/startup_mimxrt1052.o
                0x60004c98                GPIO5_Combined_0_15_IRQHandler
 .text.GPIO5_Combined_16_31_IRQHandler
                0x60004ca0        0x8 ./startup/startup_mimxrt1052.o
                0x60004ca0                GPIO5_Combined_16_31_IRQHandler
 .text.FLEXIO1_IRQHandler
                0x60004ca8        0x8 ./startup/startup_mimxrt1052.o
                0x60004ca8                FLEXIO1_IRQHandler
 .text.FLEXIO2_IRQHandler
                0x60004cb0        0x8 ./startup/startup_mimxrt1052.o
                0x60004cb0                FLEXIO2_IRQHandler
 .text.WDOG1_IRQHandler
                0x60004cb8        0x8 ./startup/startup_mimxrt1052.o
                0x60004cb8                WDOG1_IRQHandler
 .text.RTWDOG_IRQHandler
                0x60004cc0        0x8 ./startup/startup_mimxrt1052.o
                0x60004cc0                RTWDOG_IRQHandler
 .text.EWM_IRQHandler
                0x60004cc8        0x8 ./startup/startup_mimxrt1052.o
                0x60004cc8                EWM_IRQHandler
 .text.CCM_1_IRQHandler
                0x60004cd0        0x8 ./startup/startup_mimxrt1052.o
                0x60004cd0                CCM_1_IRQHandler
 .text.CCM_2_IRQHandler
                0x60004cd8        0x8 ./startup/startup_mimxrt1052.o
                0x60004cd8                CCM_2_IRQHandler
 .text.GPC_IRQHandler
                0x60004ce0        0x8 ./startup/startup_mimxrt1052.o
                0x60004ce0                GPC_IRQHandler
 .text.SRC_IRQHandler
                0x60004ce8        0x8 ./startup/startup_mimxrt1052.o
                0x60004ce8                SRC_IRQHandler
 .text.Reserved115_IRQHandler
                0x60004cf0        0x8 ./startup/startup_mimxrt1052.o
                0x60004cf0                Reserved115_IRQHandler
 .text.GPT1_IRQHandler
                0x60004cf8        0x8 ./startup/startup_mimxrt1052.o
                0x60004cf8                GPT1_IRQHandler
 .text.GPT2_IRQHandler
                0x60004d00        0x8 ./startup/startup_mimxrt1052.o
                0x60004d00                GPT2_IRQHandler
 .text.PWM1_0_IRQHandler
                0x60004d08        0x8 ./startup/startup_mimxrt1052.o
                0x60004d08                PWM1_0_IRQHandler
 .text.PWM1_1_IRQHandler
                0x60004d10        0x8 ./startup/startup_mimxrt1052.o
                0x60004d10                PWM1_1_IRQHandler
 .text.PWM1_2_IRQHandler
                0x60004d18        0x8 ./startup/startup_mimxrt1052.o
                0x60004d18                PWM1_2_IRQHandler
 .text.PWM1_3_IRQHandler
                0x60004d20        0x8 ./startup/startup_mimxrt1052.o
                0x60004d20                PWM1_3_IRQHandler
 .text.PWM1_FAULT_IRQHandler
                0x60004d28        0x8 ./startup/startup_mimxrt1052.o
                0x60004d28                PWM1_FAULT_IRQHandler
 .text.Reserved123_IRQHandler
                0x60004d30        0x8 ./startup/startup_mimxrt1052.o
                0x60004d30                Reserved123_IRQHandler
 .text.FLEXSPI_IRQHandler
                0x60004d38        0x8 ./startup/startup_mimxrt1052.o
                0x60004d38                FLEXSPI_IRQHandler
 .text.SEMC_IRQHandler
                0x60004d40        0x8 ./startup/startup_mimxrt1052.o
                0x60004d40                SEMC_IRQHandler
 .text.USDHC1_IRQHandler
                0x60004d48        0x8 ./startup/startup_mimxrt1052.o
                0x60004d48                USDHC1_IRQHandler
 .text.USDHC2_IRQHandler
                0x60004d50        0x8 ./startup/startup_mimxrt1052.o
                0x60004d50                USDHC2_IRQHandler
 .text.USB_OTG2_IRQHandler
                0x60004d58        0x8 ./startup/startup_mimxrt1052.o
                0x60004d58                USB_OTG2_IRQHandler
 .text.USB_OTG1_IRQHandler
                0x60004d60        0x8 ./startup/startup_mimxrt1052.o
                0x60004d60                USB_OTG1_IRQHandler
 .text.ENET_IRQHandler
                0x60004d68        0x8 ./startup/startup_mimxrt1052.o
                0x60004d68                ENET_IRQHandler
 .text.ENET_1588_Timer_IRQHandler
                0x60004d70        0x8 ./startup/startup_mimxrt1052.o
                0x60004d70                ENET_1588_Timer_IRQHandler
 .text.XBAR1_IRQ_0_1_IRQHandler
                0x60004d78        0x8 ./startup/startup_mimxrt1052.o
                0x60004d78                XBAR1_IRQ_0_1_IRQHandler
 .text.XBAR1_IRQ_2_3_IRQHandler
                0x60004d80        0x8 ./startup/startup_mimxrt1052.o
                0x60004d80                XBAR1_IRQ_2_3_IRQHandler
 .text.ADC_ETC_IRQ0_IRQHandler
                0x60004d88        0x8 ./startup/startup_mimxrt1052.o
                0x60004d88                ADC_ETC_IRQ0_IRQHandler
 .text.ADC_ETC_IRQ1_IRQHandler
                0x60004d90        0x8 ./startup/startup_mimxrt1052.o
                0x60004d90                ADC_ETC_IRQ1_IRQHandler
 .text.ADC_ETC_IRQ2_IRQHandler
                0x60004d98        0x8 ./startup/startup_mimxrt1052.o
                0x60004d98                ADC_ETC_IRQ2_IRQHandler
 .text.ADC_ETC_ERROR_IRQ_IRQHandler
                0x60004da0        0x8 ./startup/startup_mimxrt1052.o
                0x60004da0                ADC_ETC_ERROR_IRQ_IRQHandler
 .text.PIT_IRQHandler
                0x60004da8        0x8 ./startup/startup_mimxrt1052.o
                0x60004da8                PIT_IRQHandler
 .text.ACMP1_IRQHandler
                0x60004db0        0x8 ./startup/startup_mimxrt1052.o
                0x60004db0                ACMP1_IRQHandler
 .text.ACMP2_IRQHandler
                0x60004db8        0x8 ./startup/startup_mimxrt1052.o
                0x60004db8                ACMP2_IRQHandler
 .text.ACMP3_IRQHandler
                0x60004dc0        0x8 ./startup/startup_mimxrt1052.o
                0x60004dc0                ACMP3_IRQHandler
 .text.ACMP4_IRQHandler
                0x60004dc8        0x8 ./startup/startup_mimxrt1052.o
                0x60004dc8                ACMP4_IRQHandler
 .text.Reserved143_IRQHandler
                0x60004dd0        0x8 ./startup/startup_mimxrt1052.o
                0x60004dd0                Reserved143_IRQHandler
 .text.Reserved144_IRQHandler
                0x60004dd8        0x8 ./startup/startup_mimxrt1052.o
                0x60004dd8                Reserved144_IRQHandler
 .text.ENC1_IRQHandler
                0x60004de0        0x8 ./startup/startup_mimxrt1052.o
                0x60004de0                ENC1_IRQHandler
 .text.ENC2_IRQHandler
                0x60004de8        0x8 ./startup/startup_mimxrt1052.o
                0x60004de8                ENC2_IRQHandler
 .text.ENC3_IRQHandler
                0x60004df0        0x8 ./startup/startup_mimxrt1052.o
                0x60004df0                ENC3_IRQHandler
 .text.ENC4_IRQHandler
                0x60004df8        0x8 ./startup/startup_mimxrt1052.o
                0x60004df8                ENC4_IRQHandler
 .text.TMR1_IRQHandler
                0x60004e00        0x8 ./startup/startup_mimxrt1052.o
                0x60004e00                TMR1_IRQHandler
 .text.TMR2_IRQHandler
                0x60004e08        0x8 ./startup/startup_mimxrt1052.o
                0x60004e08                TMR2_IRQHandler
 .text.TMR3_IRQHandler
                0x60004e10        0x8 ./startup/startup_mimxrt1052.o
                0x60004e10                TMR3_IRQHandler
 .text.TMR4_IRQHandler
                0x60004e18        0x8 ./startup/startup_mimxrt1052.o
                0x60004e18                TMR4_IRQHandler
 .text.PWM2_0_IRQHandler
                0x60004e20        0x8 ./startup/startup_mimxrt1052.o
                0x60004e20                PWM2_0_IRQHandler
 .text.PWM2_1_IRQHandler
                0x60004e28        0x8 ./startup/startup_mimxrt1052.o
                0x60004e28                PWM2_1_IRQHandler
 .text.PWM2_2_IRQHandler
                0x60004e30        0x8 ./startup/startup_mimxrt1052.o
                0x60004e30                PWM2_2_IRQHandler
 .text.PWM2_3_IRQHandler
                0x60004e38        0x8 ./startup/startup_mimxrt1052.o
                0x60004e38                PWM2_3_IRQHandler
 .text.PWM2_FAULT_IRQHandler
                0x60004e40        0x8 ./startup/startup_mimxrt1052.o
                0x60004e40                PWM2_FAULT_IRQHandler
 .text.PWM3_0_IRQHandler
                0x60004e48        0x8 ./startup/startup_mimxrt1052.o
                0x60004e48                PWM3_0_IRQHandler
 .text.PWM3_1_IRQHandler
                0x60004e50        0x8 ./startup/startup_mimxrt1052.o
                0x60004e50                PWM3_1_IRQHandler
 .text.PWM3_2_IRQHandler
                0x60004e58        0x8 ./startup/startup_mimxrt1052.o
                0x60004e58                PWM3_2_IRQHandler
 .text.PWM3_3_IRQHandler
                0x60004e60        0x8 ./startup/startup_mimxrt1052.o
                0x60004e60                PWM3_3_IRQHandler
 .text.PWM3_FAULT_IRQHandler
                0x60004e68        0x8 ./startup/startup_mimxrt1052.o
                0x60004e68                PWM3_FAULT_IRQHandler
 .text.PWM4_0_IRQHandler
                0x60004e70        0x8 ./startup/startup_mimxrt1052.o
                0x60004e70                PWM4_0_IRQHandler
 .text.PWM4_1_IRQHandler
                0x60004e78        0x8 ./startup/startup_mimxrt1052.o
                0x60004e78                PWM4_1_IRQHandler
 .text.PWM4_2_IRQHandler
                0x60004e80        0x8 ./startup/startup_mimxrt1052.o
                0x60004e80                PWM4_2_IRQHandler
 .text.PWM4_3_IRQHandler
                0x60004e88        0x8 ./startup/startup_mimxrt1052.o
                0x60004e88                PWM4_3_IRQHandler
 .text.PWM4_FAULT_IRQHandler
                0x60004e90        0x8 ./startup/startup_mimxrt1052.o
                0x60004e90                PWM4_FAULT_IRQHandler
 .text.HardFault_Handler
                0x60004e98       0x36 ./source/semihost_hardfault.o
                0x60004e98                HardFault_Handler
 .text.CLOCK_IsPllBypassed
                0x60004ece       0x32 ./drivers/fsl_clock.o
 .text.CLOCK_IsPllEnabled
                0x60004f00       0x3c ./drivers/fsl_clock.o
 .text.CLOCK_GetPllBypassRefClk
                0x60004f3c       0x34 ./drivers/fsl_clock.o
 .text._SDK_AtomicLocalClearAndSet4Byte
                0x60004f70       0x50 ./drivers/fsl_lpuart.o
 .text.CLOCK_EnableClock
                0x60004fc0       0x1e ./drivers/fsl_lpuart.o
 .text.LPUART_SoftwareReset
                0x60004fde       0x2c ./drivers/fsl_lpuart.o
 .text.SystemInitHook
                0x6000500a        0xe ./device/system_MIMXRT1052.o
                0x6000500a                SystemInitHook
 .text.HAL_UartGetStatus
                0x60005018       0x28 ./component/uart/fsl_adapter_lpuart.o
 .text.DisableGlobalIRQ
                0x60005040       0x22 ./component/serial_manager/fsl_component_serial_manager.o
 .text.EnableGlobalIRQ
                0x60005062       0x20 ./component/serial_manager/fsl_component_serial_manager.o
 .text.SerialManager_StartWriting
                0x60005082       0x38 ./component/serial_manager/fsl_component_serial_manager.o
 .text.SerialManager_Write
                0x600050ba       0x44 ./component/serial_manager/fsl_component_serial_manager.o
 .text.SerialManager_Init
                0x600050fe       0x60 ./component/serial_manager/fsl_component_serial_manager.o
                0x600050fe                SerialManager_Init
 .text.SerialManager_OpenWriteHandle
                0x6000515e       0x50 ./component/serial_manager/fsl_component_serial_manager.o
                0x6000515e                SerialManager_OpenWriteHandle
 .text.SerialManager_OpenReadHandle
                0x600051ae       0x60 ./component/serial_manager/fsl_component_serial_manager.o
                0x600051ae                SerialManager_OpenReadHandle
 .text.SerialManager_WriteBlocking
                0x6000520e       0x20 ./component/serial_manager/fsl_component_serial_manager.o
                0x6000520e                SerialManager_WriteBlocking
 .text.Serial_UartInit
                0x6000522e       0x3e ./component/serial_manager/fsl_component_serial_port_uart.o
                0x6000522e                Serial_UartInit
 .text.Serial_UartWrite
                0x6000526c       0x38 ./component/serial_manager/fsl_component_serial_port_uart.o
                0x6000526c                Serial_UartWrite
 .text.BOARD_InitDebugConsole
                0x600052a4       0x22 ./board/board.o
                0x600052a4                BOARD_InitDebugConsole
 .text._SDK_AtomicLocalClearAndSet4Byte
                0x600052c6       0x50 ./board/clock_config.o
 .text.CLOCK_DisableClock
                0x60005316       0x1e ./board/clock_config.o
 .text.CLOCK_SetPllBypass
                0x60005334       0x4e ./board/clock_config.o
 .text.IOMUXC_SetSaiMClkClockSource
                0x60005382       0x6c ./board/clock_config.o
 .text.BOARD_InitBootClocks
                0x600053ee        0xc ./board/clock_config.o
                0x600053ee                BOARD_InitBootClocks
 .text.BOARD_InitPeripherals
                0x600053fa        0xe ./board/peripherals.o
                0x600053fa                BOARD_InitPeripherals
 .text.BOARD_InitBootPeripherals
                0x60005408        0xc ./board/peripherals.o
                0x60005408                BOARD_InitBootPeripherals
 .text._SDK_AtomicLocalClearAndSet4Byte
                0x60005414       0x50 ./board/pin_mux.o
 .text.CLOCK_EnableClock
                0x60005464       0x1e ./board/pin_mux.o
 .text.IOMUXC_SetPinMux
                0x60005482       0x3a ./board/pin_mux.o
 .text.IOMUXC_SetPinConfig
                0x600054bc       0x26 ./board/pin_mux.o
 .text.BOARD_InitBootPins
                0x600054e2       0x10 ./board/pin_mux.o
                0x600054e2                BOARD_InitBootPins
 .text.BOARD_InitPins
                0x600054f2        0xe ./board/pin_mux.o
                0x600054f2                BOARD_InitPins
 .text.__main   0x60005500        0xe d:/nxp/mcuxpressoide_11.9.1_2170/ide/plugins/com.nxp.mcuxpresso.tools.win32_11.9.1.202402080819/tools/bin/../lib/gcc/arm-none-eabi/12.3.1/../../../../arm-none-eabi/lib/thumb/v7e-m+fp/hard\libcr_nohost_nf.a(_cr__main.o)
                0x60005500                __main
 .text.memcpy   0x6000550e        0x4 d:/nxp/mcuxpressoide_11.9.1_2170/ide/plugins/com.nxp.mcuxpresso.tools.win32_11.9.1.202402080819/tools/bin/../lib/gcc/arm-none-eabi/12.3.1/../../../../arm-none-eabi/lib/thumb/v7e-m+fp/hard\libcr_c.a(memcpy.o)
                0x6000550e                memcpy
 .text.memset   0x60005512        0x4 d:/nxp/mcuxpressoide_11.9.1_2170/ide/plugins/com.nxp.mcuxpresso.tools.win32_11.9.1.202402080819/tools/bin/../lib/gcc/arm-none-eabi/12.3.1/../../../../arm-none-eabi/lib/thumb/v7e-m+fp/hard\libcr_c.a(memset.o)
                0x60005512                memset
 .text.free     0x60005516       0x30 d:/nxp/mcuxpressoide_11.9.1_2170/ide/plugins/com.nxp.mcuxpresso.tools.win32_11.9.1.202402080819/tools/bin/../lib/gcc/arm-none-eabi/12.3.1/../../../../arm-none-eabi/lib/thumb/v7e-m+fp/hard\libcr_c.a(alloc.o)
                0x60005516                free
 .text.setvbuf  0x60005546       0x3e d:/nxp/mcuxpressoide_11.9.1_2170/ide/plugins/com.nxp.mcuxpresso.tools.win32_11.9.1.202402080819/tools/bin/../lib/gcc/arm-none-eabi/12.3.1/../../../../arm-none-eabi/lib/thumb/v7e-m+fp/hard\libcr_c.a(setvbuf.o)
                0x60005546                setvbuf
 .text.strlen   0x60005584       0x4e d:/nxp/mcuxpressoide_11.9.1_2170/ide/plugins/com.nxp.mcuxpresso.tools.win32_11.9.1.202402080819/tools/bin/../lib/gcc/arm-none-eabi/12.3.1/../../../../arm-none-eabi/lib/thumb/v7e-m+fp/hard\libcr_c.a(strlen.o)
                0x60005584                strlen
 .text._deferredlazyseek
                0x600055d2       0x40 d:/nxp/mcuxpressoide_11.9.1_2170/ide/plugins/com.nxp.mcuxpresso.tools.win32_11.9.1.202402080819/tools/bin/../lib/gcc/arm-none-eabi/12.3.1/../../../../arm-none-eabi/lib/thumb/v7e-m+fp/hard\libcr_c.a(_deferredlazyseek.o)
                0x600055d2                _deferredlazyseek
 .text._fdopen  0x60005612       0x68 d:/nxp/mcuxpressoide_11.9.1_2170/ide/plugins/com.nxp.mcuxpresso.tools.win32_11.9.1.202402080819/tools/bin/../lib/gcc/arm-none-eabi/12.3.1/../../../../arm-none-eabi/lib/thumb/v7e-m+fp/hard\libcr_c.a(_fdopen.o)
                0x60005612                _fdopen
 .text._fflush  0x6000567a       0x52 d:/nxp/mcuxpressoide_11.9.1_2170/ide/plugins/com.nxp.mcuxpresso.tools.win32_11.9.1.202402080819/tools/bin/../lib/gcc/arm-none-eabi/12.3.1/../../../../arm-none-eabi/lib/thumb/v7e-m+fp/hard\libcr_c.a(_fflush.o)
                0x6000567a                _fflush
 .text.fclose   0x600056cc       0x58 d:/nxp/mcuxpressoide_11.9.1_2170/ide/plugins/com.nxp.mcuxpresso.tools.win32_11.9.1.202402080819/tools/bin/../lib/gcc/arm-none-eabi/12.3.1/../../../../arm-none-eabi/lib/thumb/v7e-m+fp/hard\libcr_c.a(fclose.o)
                0x600056cc                fclose
 .text.remove   0x60005724       0x14 d:/nxp/mcuxpressoide_11.9.1_2170/ide/plugins/com.nxp.mcuxpresso.tools.win32_11.9.1.202402080819/tools/bin/../lib/gcc/arm-none-eabi/12.3.1/../../../../arm-none-eabi/lib/thumb/v7e-m+fp/hard\libcr_c.a(remove.o)
                0x60005724                remove
 .text._do_fflush
                0x60005738       0x40 d:/nxp/mcuxpressoide_11.9.1_2170/ide/plugins/com.nxp.mcuxpresso.tools.win32_11.9.1.202402080819/tools/bin/../lib/gcc/arm-none-eabi/12.3.1/../../../../arm-none-eabi/lib/thumb/v7e-m+fp/hard\libcr_c.a(_do_fflush.o)
                0x60005738                _do_fflush
 .text.__aeabi_division_uldivmod
                0x60005778      0x174 d:/nxp/mcuxpressoide_11.9.1_2170/ide/plugins/com.nxp.mcuxpresso.tools.win32_11.9.1.202402080819/tools/bin/../lib/gcc/arm-none-eabi/12.3.1/thumb/v7e-m+fp/hard\libcr_eabihelpers.a(division_64.o)
                0x60005778                __aeabi_uldivmod
                0x6000577c                __bhs_ldivmod1
 .text.__aeabi_division_idiv0
                0x600058ec        0x2 d:/nxp/mcuxpressoide_11.9.1_2170/ide/plugins/com.nxp.mcuxpresso.tools.win32_11.9.1.202402080819/tools/bin/../lib/gcc/arm-none-eabi/12.3.1/thumb/v7e-m+fp/hard\libcr_eabihelpers.a(division_idiv0.o)
                0x600058ec                __aeabi_idiv0
 .text.__aeabi_memcpy
                0x600058ee       0x34 d:/nxp/mcuxpressoide_11.9.1_2170/ide/plugins/com.nxp.mcuxpresso.tools.win32_11.9.1.202402080819/tools/bin/../lib/gcc/arm-none-eabi/12.3.1/thumb/v7e-m+fp/hard\libcr_eabihelpers.a(memcpy.o)
                0x600058ee                __aeabi_memcpy
                0x600058f8                __aeabi_memcpy8
                0x600058f8                __aeabi_memcpy4
 .text.__aeabi_memset_lowlevel
                0x60005922       0x32 d:/nxp/mcuxpressoide_11.9.1_2170/ide/plugins/com.nxp.mcuxpresso.tools.win32_11.9.1.202402080819/tools/bin/../lib/gcc/arm-none-eabi/12.3.1/thumb/v7e-m+fp/hard\libcr_eabihelpers.a(memcpy.o)
                0x60005922                __aeabi_lowlevel_memset
 .text.__sys_close
                0x60005954        0x6 d:/nxp/mcuxpressoide_11.9.1_2170/ide/plugins/com.nxp.mcuxpresso.tools.win32_11.9.1.202402080819/tools/bin/../lib/gcc/arm-none-eabi/12.3.1/../../../../arm-none-eabi/lib/thumb/v7e-m+fp/hard\libcr_nohost_nf.a(__sys_close.o)
                0x60005954                __sys_close
 .text.__sys_flen
                0x6000595a        0x6 d:/nxp/mcuxpressoide_11.9.1_2170/ide/plugins/com.nxp.mcuxpresso.tools.win32_11.9.1.202402080819/tools/bin/../lib/gcc/arm-none-eabi/12.3.1/../../../../arm-none-eabi/lib/thumb/v7e-m+fp/hard\libcr_nohost_nf.a(__sys_flen.o)
                0x6000595a                __sys_flen
 .text.__sys_istty
                0x60005960        0x6 d:/nxp/mcuxpressoide_11.9.1_2170/ide/plugins/com.nxp.mcuxpresso.tools.win32_11.9.1.202402080819/tools/bin/../lib/gcc/arm-none-eabi/12.3.1/../../../../arm-none-eabi/lib/thumb/v7e-m+fp/hard\libcr_nohost_nf.a(__sys_istty.o)
                0x60005960                __sys_istty
 .text.__sys_remove
                0x60005966        0x6 d:/nxp/mcuxpressoide_11.9.1_2170/ide/plugins/com.nxp.mcuxpresso.tools.win32_11.9.1.202402080819/tools/bin/../lib/gcc/arm-none-eabi/12.3.1/../../../../arm-none-eabi/lib/thumb/v7e-m+fp/hard\libcr_nohost_nf.a(__sys_remove.o)
                0x60005966                __sys_remove
 .text.__sys_seek
                0x6000596c        0x6 d:/nxp/mcuxpressoide_11.9.1_2170/ide/plugins/com.nxp.mcuxpresso.tools.win32_11.9.1.202402080819/tools/bin/../lib/gcc/arm-none-eabi/12.3.1/../../../../arm-none-eabi/lib/thumb/v7e-m+fp/hard\libcr_nohost_nf.a(__sys_seek.o)
                0x6000596c                __sys_seek
 .text.__sys_tmpnam
                0x60005972        0x6 d:/nxp/mcuxpressoide_11.9.1_2170/ide/plugins/com.nxp.mcuxpresso.tools.win32_11.9.1.202402080819/tools/bin/../lib/gcc/arm-none-eabi/12.3.1/../../../../arm-none-eabi/lib/thumb/v7e-m+fp/hard\libcr_nohost_nf.a(__sys_tmpnam.o)
                0x60005972                __sys_tmpnam
 .text.__sys_write
                0x60005978        0x4 d:/nxp/mcuxpressoide_11.9.1_2170/ide/plugins/com.nxp.mcuxpresso.tools.win32_11.9.1.202402080819/tools/bin/../lib/gcc/arm-none-eabi/12.3.1/../../../../arm-none-eabi/lib/thumb/v7e-m+fp/hard\libcr_nohost_nf.a(__sys_write.o)
                0x60005978                __sys_write
 *(SORT_BY_ALIGNMENT(.rodata) SORT_BY_ALIGNMENT(.rodata.*) SORT_BY_ALIGNMENT(.constdata) SORT_BY_ALIGNMENT(.constdata.*))
 .rodata.__assertion_failed.str1.4
                0x6000597c       0x14 ./utilities/fsl_assert.o
 .rodata.main.str1.4
                0x60005990       0x16 ./source/MIMXRT1052_Project.o
 *fill*         0x600059a6        0x2 ff
 .rodata.CLOCK_InitExternalClk.str1.4
                0x600059a8       0x21 ./drivers/fsl_clock.o
 *fill*         0x600059c9        0x3 ff
 .rodata.CLOCK_GetPllFreq.str1.4
                0x600059cc       0x6d ./drivers/fsl_clock.o
 *fill*         0x60005a39        0x3 ff
 .rodata.enetRefClkFreq.1
                0x60005a3c       0x10 ./drivers/fsl_clock.o
 .rodata.CLOCK_ControlGate.str1.4
                0x60005a4c       0x20 ./drivers/fsl_lpuart.o
 .rodata.s_lpuartBases
                0x60005a6c       0x24 ./drivers/fsl_lpuart.o
 .rodata.s_lpuartClock
                0x60005a90       0x12 ./drivers/fsl_lpuart.o
 *fill*         0x60005aa2        0x2 ff
 .rodata.LPUART_GetInstance.str1.4
                0x60005aa4       0x38 ./drivers/fsl_lpuart.o
 .rodata.LPUART_Init.str1.4
                0x60005adc      0x10a ./drivers/fsl_lpuart.o
 *fill*         0x60005be6        0x2 ff
 .rodata.LPUART_GetDefaultConfig.str1.4
                0x60005be8       0x22 ./drivers/fsl_lpuart.o
 *fill*         0x60005c0a        0x2 ff
 .rodata.LPUART_WriteBlocking.str1.4
                0x60005c0c       0x21 ./drivers/fsl_lpuart.o
 *fill*         0x60005c2d        0x3 ff
 .rodata.s_LpuartAdapterBase
                0x60005c30       0x24 ./component/uart/fsl_adapter_lpuart.o
 .rodata.HAL_UartInit.str1.4
                0x60005c54      0x116 ./component/uart/fsl_adapter_lpuart.o
 *fill*         0x60005d6a        0x2 ff
 .rodata.HAL_UartSendBlocking.str1.4
                0x60005d6c       0x7b ./component/uart/fsl_adapter_lpuart.o
 *fill*         0x60005de7        0x1 ff
 .rodata.CLOCK_SetMux.str1.4
                0x60005de8       0x8b ./board/clock_config.o
 *fill*         0x60005e73        0x1 ff
 .rodata.CLOCK_SetDiv.str1.4
                0x60005e74       0x8b ./board/clock_config.o
 *fill*         0x60005eff        0x1 ff
 .rodata.CLOCK_ControlGate.str1.4
                0x60005f00       0x7a ./board/clock_config.o
 *fill*         0x60005f7a        0x2 ff
 .rodata.armPllConfig_BOARD_BootClockRUN
                0x60005f7c        0x8 ./board/clock_config.o
                0x60005f7c                armPllConfig_BOARD_BootClockRUN
 .rodata.sysPllConfig_BOARD_BootClockRUN
                0x60005f84       0x14 ./board/clock_config.o
                0x60005f84                sysPllConfig_BOARD_BootClockRUN
 .rodata.CLOCK_ControlGate.str1.4
                0x60005f98       0x7a ./board/pin_mux.o
 .rodata.__num_Ciob_streams
                0x60005f98        0x4 d:/nxp/mcuxpressoide_11.9.1_2170/ide/plugins/com.nxp.mcuxpresso.tools.win32_11.9.1.202402080819/tools/bin/../lib/gcc/arm-none-eabi/12.3.1/../../../../arm-none-eabi/lib/thumb/v7e-m+fp/hard\libcr_nohost_nf.a(__ciob.o)
                0x60005f98                __num_Ciob_streams
 .rodata._initio.str1.1
                0x60005f9c        0x4 d:/nxp/mcuxpressoide_11.9.1_2170/ide/plugins/com.nxp.mcuxpresso.tools.win32_11.9.1.202402080819/tools/bin/../lib/gcc/arm-none-eabi/12.3.1/../../../../arm-none-eabi/lib/thumb/v7e-m+fp/hard\libcr_c.a(initio.o)
                0x60006014                        . = ALIGN (0x4)

.glue_7         0x60005fa0        0x0
 .glue_7        0x60005fa0        0x0 linker stubs

.glue_7t        0x60005fa0        0x0
 .glue_7t       0x60005fa0        0x0 linker stubs

.vfp11_veneer   0x60005fa0        0x0
 .vfp11_veneer  0x60005fa0        0x0 linker stubs

.v4_bx          0x60005fa0        0x0
 .v4_bx         0x60005fa0        0x0 linker stubs

.iplt           0x60005fa0        0x0
 .iplt          0x60005fa0        0x0 ./xip/fsl_flexspi_nor_boot.o

.rel.dyn        0x60005fa0        0x0
 .rel.iplt      0x60005fa0        0x0 ./xip/fsl_flexspi_nor_boot.o

.ARM.extab
 *(SORT_BY_ALIGNMENT(.ARM.extab*) SORT_BY_ALIGNMENT(.gnu.linkonce.armextab.*))

.ARM.exidx      0x60005fa0        0x0
                0x60005fa0                        __exidx_start = .
 *(SORT_BY_ALIGNMENT(.ARM.exidx*) SORT_BY_ALIGNMENT(.gnu.linkonce.armexidx.*))
                0x60005fa0                        __exidx_end = .
                0x60005fa0                        _etext = .

.data_RAM2      0x00000000        0x0 load address 0x60005fa0
 FILL mask 0xff
                [!provide]                        PROVIDE (__start_data_RAM2 = .)
                [!provide]                        PROVIDE (__start_data_SRAM_ITC = .)
 *(SORT_BY_ALIGNMENT(.ramfunc.$RAM2))
 *(SORT_BY_ALIGNMENT(.ramfunc.$SRAM_ITC))
 *(SORT_BY_ALIGNMENT(.data.$RAM2))
 *(SORT_BY_ALIGNMENT(.data.$SRAM_ITC))
 *(SORT_BY_ALIGNMENT(.data.$RAM2.*))
 *(SORT_BY_ALIGNMENT(.data.$SRAM_ITC.*))
                0x00000000                        . = ALIGN (0x4)
                [!provide]                        PROVIDE (__end_data_RAM2 = .)
                [!provide]                        PROVIDE (__end_data_SRAM_ITC = .)

.data_RAM3      0x20200000        0x0 load address 0x60005fa0
 FILL mask 0xff
                [!provide]                        PROVIDE (__start_data_RAM3 = .)
                [!provide]                        PROVIDE (__start_data_SRAM_OC = .)
 *(SORT_BY_ALIGNMENT(.ramfunc.$RAM3))
 *(SORT_BY_ALIGNMENT(.ramfunc.$SRAM_OC))
 *(SORT_BY_ALIGNMENT(.data.$RAM3))
 *(SORT_BY_ALIGNMENT(.data.$SRAM_OC))
 *(SORT_BY_ALIGNMENT(.data.$RAM3.*))
 *(SORT_BY_ALIGNMENT(.data.$SRAM_OC.*))
                0x20200000                        . = ALIGN (0x4)
                [!provide]                        PROVIDE (__end_data_RAM3 = .)
                [!provide]                        PROVIDE (__end_data_SRAM_OC = .)

.data_RAM4      0x80000000        0x0 load address 0x60005fa0
 FILL mask 0xff
                [!provide]                        PROVIDE (__start_data_RAM4 = .)
                [!provide]                        PROVIDE (__start_data_BOARD_SDRAM = .)
 *(SORT_BY_ALIGNMENT(.ramfunc.$RAM4))
 *(SORT_BY_ALIGNMENT(.ramfunc.$BOARD_SDRAM))
 *(SORT_BY_ALIGNMENT(.data.$RAM4))
 *(SORT_BY_ALIGNMENT(.data.$BOARD_SDRAM))
 *(SORT_BY_ALIGNMENT(.data.$RAM4.*))
 *(SORT_BY_ALIGNMENT(.data.$BOARD_SDRAM.*))
                0x80000000                        . = ALIGN (0x4)
                [!provide]                        PROVIDE (__end_data_RAM4 = .)
                [!provide]                        PROVIDE (__end_data_BOARD_SDRAM = .)

.uninit_RESERVED
                0x20000000        0x0
                0x20000000                        _start_uninit_RESERVED = .
 *(SORT_BY_ALIGNMENT(.bss.$RESERVED*))
                0x20000000                        . = ALIGN (0x4)
                0x20000000                        _end_uninit_RESERVED = .

.data           0x20000000        0x4 load address 0x60005fa0
 FILL mask 0xff
                0x20000000                        _data = .
                [!provide]                        PROVIDE (__start_data_RAM = .)
                [!provide]                        PROVIDE (__start_data_SRAM_DTC = .)
 *(SORT_BY_ALIGNMENT(vtable))
 *(SORT_BY_ALIGNMENT(.ramfunc*))
 *(SORT_BY_ALIGNMENT(CodeQuickAccess))
 *(SORT_BY_ALIGNMENT(DataQuickAccess))
 *(SORT_BY_ALIGNMENT(RamFunction))
 *(SORT_BY_ALIGNMENT(.data*))
 .data.SystemCoreClock
                0x20000000        0x4 ./device/system_MIMXRT1052.o
                0x20000000                SystemCoreClock
                0x20000004                        . = ALIGN (0x4)
                0x20000004                        _edata = .
                [!provide]                        PROVIDE (__end_data_RAM = .)
                [!provide]                        PROVIDE (__end_data_SRAM_DTC = .)

.igot.plt       0x20000004        0x0 load address 0x60005fa4
 .igot.plt      0x20000004        0x0 ./xip/fsl_flexspi_nor_boot.o

.bss_RAM2       0x00000000        0x0
                [!provide]                        PROVIDE (__start_bss_RAM2 = .)
                [!provide]                        PROVIDE (__start_bss_SRAM_ITC = .)
 *(SORT_BY_ALIGNMENT(.bss.$RAM2))
 *(SORT_BY_ALIGNMENT(.bss.$SRAM_ITC))
 *(SORT_BY_ALIGNMENT(.bss.$RAM2.*))
 *(SORT_BY_ALIGNMENT(.bss.$SRAM_ITC.*))
                0x00000000                        . = ALIGN ((. != 0x0)?0x4:0x1)
                [!provide]                        PROVIDE (__end_bss_RAM2 = .)
                [!provide]                        PROVIDE (__end_bss_SRAM_ITC = .)

.bss_RAM3       0x20200000        0x0
                [!provide]                        PROVIDE (__start_bss_RAM3 = .)
                [!provide]                        PROVIDE (__start_bss_SRAM_OC = .)
 *(SORT_BY_ALIGNMENT(.bss.$RAM3))
 *(SORT_BY_ALIGNMENT(.bss.$SRAM_OC))
 *(SORT_BY_ALIGNMENT(.bss.$RAM3.*))
 *(SORT_BY_ALIGNMENT(.bss.$SRAM_OC.*))
                0x20200000                        . = ALIGN ((. != 0x0)?0x4:0x1)
                [!provide]                        PROVIDE (__end_bss_RAM3 = .)
                [!provide]                        PROVIDE (__end_bss_SRAM_OC = .)

.bss_RAM4       0x80000000        0x0
                [!provide]                        PROVIDE (__start_bss_RAM4 = .)
                [!provide]                        PROVIDE (__start_bss_BOARD_SDRAM = .)
 *(SORT_BY_ALIGNMENT(.bss.$RAM4))
 *(SORT_BY_ALIGNMENT(.bss.$BOARD_SDRAM))
 *(SORT_BY_ALIGNMENT(.bss.$RAM4.*))
 *(SORT_BY_ALIGNMENT(.bss.$BOARD_SDRAM.*))
                0x80000000                        . = ALIGN ((. != 0x0)?0x4:0x1)
                [!provide]                        PROVIDE (__end_bss_RAM4 = .)
                [!provide]                        PROVIDE (__end_bss_BOARD_SDRAM = .)

.bss            0x20000004      0x134
                0x20000004                        _bss = .
                [!provide]                        PROVIDE (__start_bss_RAM = .)
                [!provide]                        PROVIDE (__start_bss_SRAM_DTC = .)
 *(SORT_BY_ALIGNMENT(.bss*))
 .bss.s_debugConsoleState
                0x20000004       0x20 ./utilities/fsl_debug_console.o
 .bss.g_serialHandle
                0x20000024        0x4 ./utilities/fsl_debug_console.o
                0x20000024                g_serialHandle
 .bss.i.0       0x20000028        0x4 ./source/MIMXRT1052_Project.o
 .bss.g_xtalFreq
                0x2000002c        0x4 ./drivers/fsl_clock.o
                0x2000002c                g_xtalFreq
 .bss.g_rtcXtalFreq
                0x20000030        0x4 ./drivers/fsl_clock.o
                0x20000030                g_rtcXtalFreq
 .bss.s_lpuartHandle
                0x20000034       0x24 ./drivers/fsl_lpuart.o
                0x20000034                s_lpuartHandle
 .bss.s_lpuartIsr
                0x20000058       0x24 ./drivers/fsl_lpuart.o
                0x20000058                s_lpuartIsr
 .bss.errno     0x2000007c        0x4 d:/nxp/mcuxpressoide_11.9.1_2170/ide/plugins/com.nxp.mcuxpresso.tools.win32_11.9.1.202402080819/tools/bin/../lib/gcc/arm-none-eabi/12.3.1/../../../../arm-none-eabi/lib/thumb/v7e-m+fp/hard\libcr_c.a(errno.o)
                0x2000007c                errno
 .bss.__Ciob    0x20000080       0xb4 d:/nxp/mcuxpressoide_11.9.1_2170/ide/plugins/com.nxp.mcuxpresso.tools.win32_11.9.1.202402080819/tools/bin/../lib/gcc/arm-none-eabi/12.3.1/../../../../arm-none-eabi/lib/thumb/v7e-m+fp/hard\libcr_nohost_nf.a(__ciob.o)
                0x20000080                __Ciob
 .bss.s_debugConsoleReadWaitSemaphore
                0x20000134        0x1 ./utilities/fsl_debug_console.o
 *(SORT_BY_ALIGNMENT(COMMON))
                0x20000138                        . = ALIGN (0x4)
 *fill*         0x20000135        0x3 
                0x20000138                        _ebss = .
                [!provide]                        PROVIDE (__end_bss_RAM = .)
                [!provide]                        PROVIDE (__end_bss_SRAM_DTC = .)
                [!provide]                        PROVIDE (end = .)

.noinit_RAM2    0x00000000        0x0
                [!provide]                        PROVIDE (__start_noinit_RAM2 = .)
                [!provide]                        PROVIDE (__start_noinit_SRAM_ITC = .)
 *(SORT_BY_ALIGNMENT(.noinit.$RAM2))
 *(SORT_BY_ALIGNMENT(.noinit.$SRAM_ITC))
 *(SORT_BY_ALIGNMENT(.noinit.$RAM2.*))
 *(SORT_BY_ALIGNMENT(.noinit.$SRAM_ITC.*))
                0x00000000                        . = ALIGN (0x4)
                [!provide]                        PROVIDE (__end_noinit_RAM2 = .)
                [!provide]                        PROVIDE (__end_noinit_SRAM_ITC = .)

.noinit_RAM3    0x20200000        0x0
                [!provide]                        PROVIDE (__start_noinit_RAM3 = .)
                [!provide]                        PROVIDE (__start_noinit_SRAM_OC = .)
 *(SORT_BY_ALIGNMENT(.noinit.$RAM3))
 *(SORT_BY_ALIGNMENT(.noinit.$SRAM_OC))
 *(SORT_BY_ALIGNMENT(.noinit.$RAM3.*))
 *(SORT_BY_ALIGNMENT(.noinit.$SRAM_OC.*))
                0x20200000                        . = ALIGN (0x4)
                [!provide]                        PROVIDE (__end_noinit_RAM3 = .)
                [!provide]                        PROVIDE (__end_noinit_SRAM_OC = .)

.noinit_RAM4    0x80000000        0x0
                [!provide]                        PROVIDE (__start_noinit_RAM4 = .)
                [!provide]                        PROVIDE (__start_noinit_BOARD_SDRAM = .)
 *(SORT_BY_ALIGNMENT(.noinit.$RAM4))
 *(SORT_BY_ALIGNMENT(.noinit.$BOARD_SDRAM))
 *(SORT_BY_ALIGNMENT(.noinit.$RAM4.*))
 *(SORT_BY_ALIGNMENT(.noinit.$BOARD_SDRAM.*))
                0x80000000                        . = ALIGN (0x4)
                [!provide]                        PROVIDE (__end_noinit_RAM4 = .)
                [!provide]                        PROVIDE (__end_noinit_BOARD_SDRAM = .)

.noinit         0x20000138        0x0
                0x20000138                        _noinit = .
                [!provide]                        PROVIDE (__start_noinit_RAM = .)
                [!provide]                        PROVIDE (__start_noinit_SRAM_DTC = .)
 *(SORT_BY_ALIGNMENT(.noinit*))
                0x20000138                        . = ALIGN (0x4)
                0x20000138                        _end_noinit = .
                [!provide]                        PROVIDE (__end_noinit_RAM = .)
                [!provide]                        PROVIDE (__end_noinit_SRAM_DTC = .)
                0x00001000                        _HeapSize = 0x1000

.heap           0x20000138     0x1000
                0x20000138                        _pvHeapStart = .
                0x20001138                        . = (. + _HeapSize)
 *fill*         0x20000138     0x1000 
                0x20001138                        . = ALIGN (0x4)
                0x20001138                        _pvHeapLimit = .
                0x00001000                        _StackSize = 0x1000

.heap2stackfill
                0x20001138     0x1000
                0x20002138                        . = (. + _StackSize)
 *fill*         0x20001138     0x1000 

.stack          0x2001f000        0x0
                0x2001f000                        _vStackBase = .
                0x2001f000                        . = ALIGN (0x4)
                0x20020000                        _vStackTop = (. + _StackSize)
                0x60002000                        _image_start = LOADADDR (.text)
                0x60005fa4                        _image_end = (LOADADDR (.data) + SIZEOF (.data))
                0x00003fa4                        _image_size = (_image_end - _image_start)
OUTPUT(MIMXRT1052_Project.axf elf32-littlearm)
LOAD linker stubs

.debug_info     0x00000000    0x11077
 .debug_info    0x00000000      0x838 ./xip/evkbimxrt1050_flexspi_nor_config.o
 .debug_info    0x00000838      0x499 ./xip/fsl_flexspi_nor_boot.o
 .debug_info    0x00000cd1      0x12e ./utilities/fsl_assert.o
 .debug_info    0x00000dff      0xe21 ./utilities/fsl_debug_console.o
 .debug_info    0x00001c20      0xd5d ./utilities/fsl_str.o
 .debug_info    0x0000297d     0x141f ./startup/startup_mimxrt1052.o
 .debug_info    0x00003d9c       0xf3 ./source/MIMXRT1052_Project.o
 .debug_info    0x00003e8f       0x3c ./source/semihost_hardfault.o
 .debug_info    0x00003ecb     0x254f ./drivers/fsl_clock.o
 .debug_info    0x0000641a     0x2ac0 ./drivers/fsl_lpuart.o
 .debug_info    0x00008eda      0xc53 ./device/system_MIMXRT1052.o
 .debug_info    0x00009b2d      0xbf7 ./component/uart/fsl_adapter_lpuart.o
 .debug_info    0x0000a724      0xd95 ./component/serial_manager/fsl_component_serial_manager.o
 .debug_info    0x0000b4b9      0x551 ./component/serial_manager/fsl_component_serial_port_uart.o
 .debug_info    0x0000ba0a      0x86a ./board/board.o
 .debug_info    0x0000c274     0x1ab9 ./board/clock_config.o
 .debug_info    0x0000dd2d       0x4e ./board/peripherals.o
 .debug_info    0x0000dd7b      0x96a ./board/pin_mux.o
 .debug_info    0x0000e6e5       0x85 d:/nxp/mcuxpressoide_11.9.1_2170/ide/plugins/com.nxp.mcuxpresso.tools.win32_11.9.1.202402080819/tools/bin/../lib/gcc/arm-none-eabi/12.3.1/../../../../arm-none-eabi/lib/thumb/v7e-m+fp/hard\libcr_nohost_nf.a(_cr__main.o)
 .debug_info    0x0000e76a      0x119 d:/nxp/mcuxpressoide_11.9.1_2170/ide/plugins/com.nxp.mcuxpresso.tools.win32_11.9.1.202402080819/tools/bin/../lib/gcc/arm-none-eabi/12.3.1/../../../../arm-none-eabi/lib/thumb/v7e-m+fp/hard\libcr_c.a(memcpy.o)
 .debug_info    0x0000e883       0xe3 d:/nxp/mcuxpressoide_11.9.1_2170/ide/plugins/com.nxp.mcuxpresso.tools.win32_11.9.1.202402080819/tools/bin/../lib/gcc/arm-none-eabi/12.3.1/../../../../arm-none-eabi/lib/thumb/v7e-m+fp/hard\libcr_c.a(memset.o)
 .debug_info    0x0000e966      0x506 d:/nxp/mcuxpressoide_11.9.1_2170/ide/plugins/com.nxp.mcuxpresso.tools.win32_11.9.1.202402080819/tools/bin/../lib/gcc/arm-none-eabi/12.3.1/../../../../arm-none-eabi/lib/thumb/v7e-m+fp/hard\libcr_c.a(alloc.o)
 .debug_info    0x0000ee6c       0x44 d:/nxp/mcuxpressoide_11.9.1_2170/ide/plugins/com.nxp.mcuxpresso.tools.win32_11.9.1.202402080819/tools/bin/../lib/gcc/arm-none-eabi/12.3.1/../../../../arm-none-eabi/lib/thumb/v7e-m+fp/hard\libcr_c.a(errno.o)
 .debug_info    0x0000eeb0      0x339 d:/nxp/mcuxpressoide_11.9.1_2170/ide/plugins/com.nxp.mcuxpresso.tools.win32_11.9.1.202402080819/tools/bin/../lib/gcc/arm-none-eabi/12.3.1/../../../../arm-none-eabi/lib/thumb/v7e-m+fp/hard\libcr_c.a(initio.o)
 .debug_info    0x0000f1e9      0x1f6 d:/nxp/mcuxpressoide_11.9.1_2170/ide/plugins/com.nxp.mcuxpresso.tools.win32_11.9.1.202402080819/tools/bin/../lib/gcc/arm-none-eabi/12.3.1/../../../../arm-none-eabi/lib/thumb/v7e-m+fp/hard\libcr_c.a(setvbuf.o)
 .debug_info    0x0000f3df       0xda d:/nxp/mcuxpressoide_11.9.1_2170/ide/plugins/com.nxp.mcuxpresso.tools.win32_11.9.1.202402080819/tools/bin/../lib/gcc/arm-none-eabi/12.3.1/../../../../arm-none-eabi/lib/thumb/v7e-m+fp/hard\libcr_c.a(strlen.o)
 .debug_info    0x0000f4b9      0x362 d:/nxp/mcuxpressoide_11.9.1_2170/ide/plugins/com.nxp.mcuxpresso.tools.win32_11.9.1.202402080819/tools/bin/../lib/gcc/arm-none-eabi/12.3.1/../../../../arm-none-eabi/lib/thumb/v7e-m+fp/hard\libcr_c.a(_deferredlazyseek.o)
 .debug_info    0x0000f81b      0x244 d:/nxp/mcuxpressoide_11.9.1_2170/ide/plugins/com.nxp.mcuxpresso.tools.win32_11.9.1.202402080819/tools/bin/../lib/gcc/arm-none-eabi/12.3.1/../../../../arm-none-eabi/lib/thumb/v7e-m+fp/hard\libcr_c.a(_fdopen.o)
 .debug_info    0x0000fa5f      0x1e3 d:/nxp/mcuxpressoide_11.9.1_2170/ide/plugins/com.nxp.mcuxpresso.tools.win32_11.9.1.202402080819/tools/bin/../lib/gcc/arm-none-eabi/12.3.1/../../../../arm-none-eabi/lib/thumb/v7e-m+fp/hard\libcr_c.a(_fflush.o)
 .debug_info    0x0000fc42      0x282 d:/nxp/mcuxpressoide_11.9.1_2170/ide/plugins/com.nxp.mcuxpresso.tools.win32_11.9.1.202402080819/tools/bin/../lib/gcc/arm-none-eabi/12.3.1/../../../../arm-none-eabi/lib/thumb/v7e-m+fp/hard\libcr_c.a(_writebuf.o)
 .debug_info    0x0000fec4      0x318 d:/nxp/mcuxpressoide_11.9.1_2170/ide/plugins/com.nxp.mcuxpresso.tools.win32_11.9.1.202402080819/tools/bin/../lib/gcc/arm-none-eabi/12.3.1/../../../../arm-none-eabi/lib/thumb/v7e-m+fp/hard\libcr_c.a(fclose.o)
 .debug_info    0x000101dc      0x202 d:/nxp/mcuxpressoide_11.9.1_2170/ide/plugins/com.nxp.mcuxpresso.tools.win32_11.9.1.202402080819/tools/bin/../lib/gcc/arm-none-eabi/12.3.1/../../../../arm-none-eabi/lib/thumb/v7e-m+fp/hard\libcr_c.a(fflush.o)
 .debug_info    0x000103de      0x276 d:/nxp/mcuxpressoide_11.9.1_2170/ide/plugins/com.nxp.mcuxpresso.tools.win32_11.9.1.202402080819/tools/bin/../lib/gcc/arm-none-eabi/12.3.1/../../../../arm-none-eabi/lib/thumb/v7e-m+fp/hard\libcr_c.a(fseek.o)
 .debug_info    0x00010654      0x190 d:/nxp/mcuxpressoide_11.9.1_2170/ide/plugins/com.nxp.mcuxpresso.tools.win32_11.9.1.202402080819/tools/bin/../lib/gcc/arm-none-eabi/12.3.1/../../../../arm-none-eabi/lib/thumb/v7e-m+fp/hard\libcr_c.a(ftell.o)
 .debug_info    0x000107e4      0x1ca d:/nxp/mcuxpressoide_11.9.1_2170/ide/plugins/com.nxp.mcuxpresso.tools.win32_11.9.1.202402080819/tools/bin/../lib/gcc/arm-none-eabi/12.3.1/../../../../arm-none-eabi/lib/thumb/v7e-m+fp/hard\libcr_c.a(remove.o)
 .debug_info    0x000109ae      0x23a d:/nxp/mcuxpressoide_11.9.1_2170/ide/plugins/com.nxp.mcuxpresso.tools.win32_11.9.1.202402080819/tools/bin/../lib/gcc/arm-none-eabi/12.3.1/../../../../arm-none-eabi/lib/thumb/v7e-m+fp/hard\libcr_c.a(_do_fflush.o)
 .debug_info    0x00010be8      0x18b d:/nxp/mcuxpressoide_11.9.1_2170/ide/plugins/com.nxp.mcuxpresso.tools.win32_11.9.1.202402080819/tools/bin/../lib/gcc/arm-none-eabi/12.3.1/../../../../arm-none-eabi/lib/thumb/v7e-m+fp/hard\libcr_nohost_nf.a(__ciob.o)
 .debug_info    0x00010d73       0x5c d:/nxp/mcuxpressoide_11.9.1_2170/ide/plugins/com.nxp.mcuxpresso.tools.win32_11.9.1.202402080819/tools/bin/../lib/gcc/arm-none-eabi/12.3.1/../../../../arm-none-eabi/lib/thumb/v7e-m+fp/hard\libcr_nohost_nf.a(__sys_close.o)
 .debug_info    0x00010dcf       0x5c d:/nxp/mcuxpressoide_11.9.1_2170/ide/plugins/com.nxp.mcuxpresso.tools.win32_11.9.1.202402080819/tools/bin/../lib/gcc/arm-none-eabi/12.3.1/../../../../arm-none-eabi/lib/thumb/v7e-m+fp/hard\libcr_nohost_nf.a(__sys_flen.o)
 .debug_info    0x00010e2b       0x5c d:/nxp/mcuxpressoide_11.9.1_2170/ide/plugins/com.nxp.mcuxpresso.tools.win32_11.9.1.202402080819/tools/bin/../lib/gcc/arm-none-eabi/12.3.1/../../../../arm-none-eabi/lib/thumb/v7e-m+fp/hard\libcr_nohost_nf.a(__sys_istty.o)
 .debug_info    0x00010e87       0x7c d:/nxp/mcuxpressoide_11.9.1_2170/ide/plugins/com.nxp.mcuxpresso.tools.win32_11.9.1.202402080819/tools/bin/../lib/gcc/arm-none-eabi/12.3.1/../../../../arm-none-eabi/lib/thumb/v7e-m+fp/hard\libcr_nohost_nf.a(__sys_remove.o)
 .debug_info    0x00010f03       0x6a d:/nxp/mcuxpressoide_11.9.1_2170/ide/plugins/com.nxp.mcuxpresso.tools.win32_11.9.1.202402080819/tools/bin/../lib/gcc/arm-none-eabi/12.3.1/../../../../arm-none-eabi/lib/thumb/v7e-m+fp/hard\libcr_nohost_nf.a(__sys_seek.o)
 .debug_info    0x00010f6d       0x85 d:/nxp/mcuxpressoide_11.9.1_2170/ide/plugins/com.nxp.mcuxpresso.tools.win32_11.9.1.202402080819/tools/bin/../lib/gcc/arm-none-eabi/12.3.1/../../../../arm-none-eabi/lib/thumb/v7e-m+fp/hard\libcr_nohost_nf.a(__sys_tmpnam.o)
 .debug_info    0x00010ff2       0x85 d:/nxp/mcuxpressoide_11.9.1_2170/ide/plugins/com.nxp.mcuxpresso.tools.win32_11.9.1.202402080819/tools/bin/../lib/gcc/arm-none-eabi/12.3.1/../../../../arm-none-eabi/lib/thumb/v7e-m+fp/hard\libcr_nohost_nf.a(__sys_write.o)

.debug_abbrev   0x00000000     0x36cb
 .debug_abbrev  0x00000000      0x10a ./xip/evkbimxrt1050_flexspi_nor_config.o
 .debug_abbrev  0x0000010a       0xe2 ./xip/fsl_flexspi_nor_boot.o
 .debug_abbrev  0x000001ec       0xbd ./utilities/fsl_assert.o
 .debug_abbrev  0x000002a9      0x270 ./utilities/fsl_debug_console.o
 .debug_abbrev  0x00000519      0x270 ./utilities/fsl_str.o
 .debug_abbrev  0x00000789      0x147 ./startup/startup_mimxrt1052.o
 .debug_abbrev  0x000008d0       0xa7 ./source/MIMXRT1052_Project.o
 .debug_abbrev  0x00000977       0x31 ./source/semihost_hardfault.o
 .debug_abbrev  0x000009a8      0x35a ./drivers/fsl_clock.o
 .debug_abbrev  0x00000d02      0x45d ./drivers/fsl_lpuart.o
 .debug_abbrev  0x0000115f      0x16e ./device/system_MIMXRT1052.o
 .debug_abbrev  0x000012cd      0x1e7 ./component/uart/fsl_adapter_lpuart.o
 .debug_abbrev  0x000014b4      0x2bb ./component/serial_manager/fsl_component_serial_manager.o
 .debug_abbrev  0x0000176f      0x18c ./component/serial_manager/fsl_component_serial_port_uart.o
 .debug_abbrev  0x000018fb      0x203 ./board/board.o
 .debug_abbrev  0x00001afe      0x327 ./board/clock_config.o
 .debug_abbrev  0x00001e25       0x4b ./board/peripherals.o
 .debug_abbrev  0x00001e70      0x261 ./board/pin_mux.o
 .debug_abbrev  0x000020d1       0x70 d:/nxp/mcuxpressoide_11.9.1_2170/ide/plugins/com.nxp.mcuxpresso.tools.win32_11.9.1.202402080819/tools/bin/../lib/gcc/arm-none-eabi/12.3.1/../../../../arm-none-eabi/lib/thumb/v7e-m+fp/hard\libcr_nohost_nf.a(_cr__main.o)
 .debug_abbrev  0x00002141       0xb6 d:/nxp/mcuxpressoide_11.9.1_2170/ide/plugins/com.nxp.mcuxpresso.tools.win32_11.9.1.202402080819/tools/bin/../lib/gcc/arm-none-eabi/12.3.1/../../../../arm-none-eabi/lib/thumb/v7e-m+fp/hard\libcr_c.a(memcpy.o)
 .debug_abbrev  0x000021f7       0xa8 d:/nxp/mcuxpressoide_11.9.1_2170/ide/plugins/com.nxp.mcuxpresso.tools.win32_11.9.1.202402080819/tools/bin/../lib/gcc/arm-none-eabi/12.3.1/../../../../arm-none-eabi/lib/thumb/v7e-m+fp/hard\libcr_c.a(memset.o)
 .debug_abbrev  0x0000229f      0x284 d:/nxp/mcuxpressoide_11.9.1_2170/ide/plugins/com.nxp.mcuxpresso.tools.win32_11.9.1.202402080819/tools/bin/../lib/gcc/arm-none-eabi/12.3.1/../../../../arm-none-eabi/lib/thumb/v7e-m+fp/hard\libcr_c.a(alloc.o)
 .debug_abbrev  0x00002523       0x44 d:/nxp/mcuxpressoide_11.9.1_2170/ide/plugins/com.nxp.mcuxpresso.tools.win32_11.9.1.202402080819/tools/bin/../lib/gcc/arm-none-eabi/12.3.1/../../../../arm-none-eabi/lib/thumb/v7e-m+fp/hard\libcr_c.a(errno.o)
 .debug_abbrev  0x00002567      0x169 d:/nxp/mcuxpressoide_11.9.1_2170/ide/plugins/com.nxp.mcuxpresso.tools.win32_11.9.1.202402080819/tools/bin/../lib/gcc/arm-none-eabi/12.3.1/../../../../arm-none-eabi/lib/thumb/v7e-m+fp/hard\libcr_c.a(initio.o)
 .debug_abbrev  0x000026d0       0xe1 d:/nxp/mcuxpressoide_11.9.1_2170/ide/plugins/com.nxp.mcuxpresso.tools.win32_11.9.1.202402080819/tools/bin/../lib/gcc/arm-none-eabi/12.3.1/../../../../arm-none-eabi/lib/thumb/v7e-m+fp/hard\libcr_c.a(setvbuf.o)
 .debug_abbrev  0x000027b1       0xa7 d:/nxp/mcuxpressoide_11.9.1_2170/ide/plugins/com.nxp.mcuxpresso.tools.win32_11.9.1.202402080819/tools/bin/../lib/gcc/arm-none-eabi/12.3.1/../../../../arm-none-eabi/lib/thumb/v7e-m+fp/hard\libcr_c.a(strlen.o)
 .debug_abbrev  0x00002858      0x152 d:/nxp/mcuxpressoide_11.9.1_2170/ide/plugins/com.nxp.mcuxpresso.tools.win32_11.9.1.202402080819/tools/bin/../lib/gcc/arm-none-eabi/12.3.1/../../../../arm-none-eabi/lib/thumb/v7e-m+fp/hard\libcr_c.a(_deferredlazyseek.o)
 .debug_abbrev  0x000029aa      0x119 d:/nxp/mcuxpressoide_11.9.1_2170/ide/plugins/com.nxp.mcuxpresso.tools.win32_11.9.1.202402080819/tools/bin/../lib/gcc/arm-none-eabi/12.3.1/../../../../arm-none-eabi/lib/thumb/v7e-m+fp/hard\libcr_c.a(_fdopen.o)
 .debug_abbrev  0x00002ac3       0xf1 d:/nxp/mcuxpressoide_11.9.1_2170/ide/plugins/com.nxp.mcuxpresso.tools.win32_11.9.1.202402080819/tools/bin/../lib/gcc/arm-none-eabi/12.3.1/../../../../arm-none-eabi/lib/thumb/v7e-m+fp/hard\libcr_c.a(_fflush.o)
 .debug_abbrev  0x00002bb4      0x126 d:/nxp/mcuxpressoide_11.9.1_2170/ide/plugins/com.nxp.mcuxpresso.tools.win32_11.9.1.202402080819/tools/bin/../lib/gcc/arm-none-eabi/12.3.1/../../../../arm-none-eabi/lib/thumb/v7e-m+fp/hard\libcr_c.a(_writebuf.o)
 .debug_abbrev  0x00002cda      0x155 d:/nxp/mcuxpressoide_11.9.1_2170/ide/plugins/com.nxp.mcuxpresso.tools.win32_11.9.1.202402080819/tools/bin/../lib/gcc/arm-none-eabi/12.3.1/../../../../arm-none-eabi/lib/thumb/v7e-m+fp/hard\libcr_c.a(fclose.o)
 .debug_abbrev  0x00002e2f      0x125 d:/nxp/mcuxpressoide_11.9.1_2170/ide/plugins/com.nxp.mcuxpresso.tools.win32_11.9.1.202402080819/tools/bin/../lib/gcc/arm-none-eabi/12.3.1/../../../../arm-none-eabi/lib/thumb/v7e-m+fp/hard\libcr_c.a(fflush.o)
 .debug_abbrev  0x00002f54      0x11b d:/nxp/mcuxpressoide_11.9.1_2170/ide/plugins/com.nxp.mcuxpresso.tools.win32_11.9.1.202402080819/tools/bin/../lib/gcc/arm-none-eabi/12.3.1/../../../../arm-none-eabi/lib/thumb/v7e-m+fp/hard\libcr_c.a(fseek.o)
 .debug_abbrev  0x0000306f       0xc2 d:/nxp/mcuxpressoide_11.9.1_2170/ide/plugins/com.nxp.mcuxpresso.tools.win32_11.9.1.202402080819/tools/bin/../lib/gcc/arm-none-eabi/12.3.1/../../../../arm-none-eabi/lib/thumb/v7e-m+fp/hard\libcr_c.a(ftell.o)
 .debug_abbrev  0x00003131       0xfb d:/nxp/mcuxpressoide_11.9.1_2170/ide/plugins/com.nxp.mcuxpresso.tools.win32_11.9.1.202402080819/tools/bin/../lib/gcc/arm-none-eabi/12.3.1/../../../../arm-none-eabi/lib/thumb/v7e-m+fp/hard\libcr_c.a(remove.o)
 .debug_abbrev  0x0000322c      0x12c d:/nxp/mcuxpressoide_11.9.1_2170/ide/plugins/com.nxp.mcuxpresso.tools.win32_11.9.1.202402080819/tools/bin/../lib/gcc/arm-none-eabi/12.3.1/../../../../arm-none-eabi/lib/thumb/v7e-m+fp/hard\libcr_c.a(_do_fflush.o)
 .debug_abbrev  0x00003358       0xb5 d:/nxp/mcuxpressoide_11.9.1_2170/ide/plugins/com.nxp.mcuxpresso.tools.win32_11.9.1.202402080819/tools/bin/../lib/gcc/arm-none-eabi/12.3.1/../../../../arm-none-eabi/lib/thumb/v7e-m+fp/hard\libcr_nohost_nf.a(__ciob.o)
 .debug_abbrev  0x0000340d       0x51 d:/nxp/mcuxpressoide_11.9.1_2170/ide/plugins/com.nxp.mcuxpresso.tools.win32_11.9.1.202402080819/tools/bin/../lib/gcc/arm-none-eabi/12.3.1/../../../../arm-none-eabi/lib/thumb/v7e-m+fp/hard\libcr_nohost_nf.a(__sys_close.o)
 .debug_abbrev  0x0000345e       0x51 d:/nxp/mcuxpressoide_11.9.1_2170/ide/plugins/com.nxp.mcuxpresso.tools.win32_11.9.1.202402080819/tools/bin/../lib/gcc/arm-none-eabi/12.3.1/../../../../arm-none-eabi/lib/thumb/v7e-m+fp/hard\libcr_nohost_nf.a(__sys_flen.o)
 .debug_abbrev  0x000034af       0x51 d:/nxp/mcuxpressoide_11.9.1_2170/ide/plugins/com.nxp.mcuxpresso.tools.win32_11.9.1.202402080819/tools/bin/../lib/gcc/arm-none-eabi/12.3.1/../../../../arm-none-eabi/lib/thumb/v7e-m+fp/hard\libcr_nohost_nf.a(__sys_istty.o)
 .debug_abbrev  0x00003500       0x7d d:/nxp/mcuxpressoide_11.9.1_2170/ide/plugins/com.nxp.mcuxpresso.tools.win32_11.9.1.202402080819/tools/bin/../lib/gcc/arm-none-eabi/12.3.1/../../../../arm-none-eabi/lib/thumb/v7e-m+fp/hard\libcr_nohost_nf.a(__sys_remove.o)
 .debug_abbrev  0x0000357d       0x62 d:/nxp/mcuxpressoide_11.9.1_2170/ide/plugins/com.nxp.mcuxpresso.tools.win32_11.9.1.202402080819/tools/bin/../lib/gcc/arm-none-eabi/12.3.1/../../../../arm-none-eabi/lib/thumb/v7e-m+fp/hard\libcr_nohost_nf.a(__sys_seek.o)
 .debug_abbrev  0x000035df       0x76 d:/nxp/mcuxpressoide_11.9.1_2170/ide/plugins/com.nxp.mcuxpresso.tools.win32_11.9.1.202402080819/tools/bin/../lib/gcc/arm-none-eabi/12.3.1/../../../../arm-none-eabi/lib/thumb/v7e-m+fp/hard\libcr_nohost_nf.a(__sys_tmpnam.o)
 .debug_abbrev  0x00003655       0x76 d:/nxp/mcuxpressoide_11.9.1_2170/ide/plugins/com.nxp.mcuxpresso.tools.win32_11.9.1.202402080819/tools/bin/../lib/gcc/arm-none-eabi/12.3.1/../../../../arm-none-eabi/lib/thumb/v7e-m+fp/hard\libcr_nohost_nf.a(__sys_write.o)

.debug_aranges  0x00000000     0x1130
 .debug_aranges
                0x00000000       0x18 ./xip/evkbimxrt1050_flexspi_nor_config.o
 .debug_aranges
                0x00000018       0x18 ./xip/fsl_flexspi_nor_boot.o
 .debug_aranges
                0x00000030       0x28 ./utilities/fsl_assert.o
 .debug_aranges
                0x00000058       0xa8 ./utilities/fsl_debug_console.o
 .debug_aranges
                0x00000100       0xe8 ./utilities/fsl_str.o
 .debug_aranges
                0x000001e8      0x540 ./startup/startup_mimxrt1052.o
 .debug_aranges
                0x00000728       0x20 ./source/MIMXRT1052_Project.o
 .debug_aranges
                0x00000748       0x20 ./source/semihost_hardfault.o
 .debug_aranges